ASxxxx Linker V03.00 + NoICE + sdld,  page 1.
Hexadecimal  [32-Bits]

Area                                    Addr        Size        Decimal Bytes (Attributes)
--------------------------------        ----        ----        ------- ----- ------------
.  .ABS.                            00000000    00000000 =           0. bytes (ABS,CON)

      Value  Global                              Global Defined In Module
      -----  --------------------------------   ------------------------
     00000000  .__.ABS.                           SMSlib_loadTileMap
     00000000  l__BSEG                         
     00000000  l__BSS                          
     00000000  l__CABS                         
     00000000  l__DABS                         
     00000000  l__HEADER                       
     00000000  l__HEAP                         
     00000000  l__HOME                         
     00000000  s__CABS                         
     00000000  s__CABS0                        
     00000000  s__CABS1                        
     00000000  s__CABS2                        
     00000000  s__CABS3                        
     00000000  s__CABS4                        
     00000000  s__DABS                         
     00000000  s__HEADER                       
     00000000  s__HEADER0                      
     00000000  s__HEADER1                      
     00000000  s__HEADER2                      
     00000000  s__HEADER3                      
     00000000  s__HEADER4                      
     00000000  s__HEADER5                      
     00000001  l__GSFINAL                      
     00000003  l__HEADER3                      
     00000003  l__HEADER4                      
     00000006  l__HEADER0                      
     00000008  l__INITIALIZED                  
     00000008  l__INITIALIZER                  
     00000009  l__HEADER1                      
     0000000A  l__HEADER2                      
     0000000E  l__CABS1                        
     0000000F  l__GSINIT                       
     00000010  l__CABS0                        
     00000010  l__CABS4                        
     00000012  l__CABS2                        
     00000038  l__CABS3                        
     000000BE  G$VDPDataPort$0_0$0                asm_manager
     000000BF  G$VDPControlPort$0_0$0             asm_manager
     000000EB  l__DATA                         
     0000012A  l__HEADER5                      
     00000200  s__CODE                         
     00001A6F  l__CODE                         
     00001C6F  s__HOME                         
     00001C6F  s__INITIALIZER                  
     00001C77  s__GSINIT                       
     00001C86  s__GSFINAL                      
     00008000  G$SMS_SRAM$0_0$0                   _sms_manager
     00008000  _SMS_SRAM                          SMSlib_loadTileMap
     0000C000  s__DATA                         
     0000C0EB  s__INITIALIZED                  
ASxxxx Linker V03.00 + NoICE + sdld,  page 2.
Hexadecimal  [32-Bits]

Area                                    Addr        Size        Decimal Bytes (Attributes)
--------------------------------        ----        ----        ------- ----- ------------
.  .ABS.                            00000000    00000000 =           0. bytes (ABS,CON)

      Value  Global                              Global Defined In Module
      -----  --------------------------------   ------------------------
     0000C0F3  s__BSEG                         
     0000C0F3  s__BSS                          
     0000C0F3  s__HEAP                         
     0000FFFC  G$SRAM_bank_to_be_mapped_on_slot   _sms_manager
     0000FFFC  _SRAM_bank_to_be_mapped_on_slot2   SMSlib_loadTileMap
     0000FFFF  G$ROM_bank_to_be_mapped_on_slot2   _sms_manager
     0000FFFF  _ROM_bank_to_be_mapped_on_slot2    SMSlib_loadTileMap
ASxxxx Linker V03.00 + NoICE + sdld,  page 3.
Hexadecimal  [32-Bits]

Area                                    Addr        Size        Decimal Bytes (Attributes)
--------------------------------        ----        ----        ------- ----- ------------
_CODE                               00000200    00001A6F =        6767. bytes (REL,CON)

      Value  Global                              Global Defined In Module
      -----  --------------------------------   ------------------------
     00000200  __clock                            crt0
     00000204  _exit                              crt0
     0000020A  A$main$62                          main
     0000020A  C$main.c$3$0_0$92                  main
     0000020A  C$main.c$5$1_0$92                  main
     0000020A  G$main$0$0                         main
     0000020A  _main                              main
     0000020D  A$main$66                          main
     0000020D  C$main.c$6$1_0$92                  main
     00000210  A$main$70                          main
     00000210  C$main.c$7$1_0$92                  main
     00000213  A$main$74                          main
     00000213  C$main.c$9$1_0$92                  main
     00000216  A$main$78                          main
     00000216  C$main.c$10$1_0$92                 main
     00000219  A$main$82                          main
     00000219  C$main.c$12$1_0$92                 main
     0000021C  A$main$87                          main
     0000021C  C$main.c$15$3_0$94                 main
     0000021F  A$main$95                          main
     0000021F  C$main.c$17$2_0$92                 main
     0000021F  XG$main$0$0                        main
     00000221  A$_sms_manager$254                 _sms_manager
     00000221  C$_sms_manager.c$12$0_0$122        _sms_manager
     00000221  C$_sms_manager.c$14$1_0$122        _sms_manager
     00000221  C$_sms_manager.c$15$1_0$122        _sms_manager
     00000221  G$devkit_SMS_init$0$0              _sms_manager
     00000221  XG$devkit_SMS_init$0$0             _sms_manager
     00000221  _devkit_SMS_init                   _sms_manager
     00000224  A$_sms_manager$267                 _sms_manager
     00000224  C$_sms_manager.c$18$1_0$124        _sms_manager
     00000224  C$_sms_manager.c$20$1_0$124        _sms_manager
     00000224  G$devkit_SMS_VDPturnOnFeature$0$   _sms_manager
     00000224  _devkit_SMS_VDPturnOnFeature       _sms_manager
     00000228  A$_sms_manager$268                 _sms_manager
     0000022A  A$_sms_manager$269                 _sms_manager
     0000022D  A$_sms_manager$270                 _sms_manager
     00000230  A$_sms_manager$278                 _sms_manager
     00000230  C$_sms_manager.c$21$1_0$124        _sms_manager
     00000230  XG$devkit_SMS_VDPturnOnFeature$0   _sms_manager
     00000233  A$_sms_manager$291                 _sms_manager
     00000233  C$_sms_manager.c$22$1_0$126        _sms_manager
     00000233  C$_sms_manager.c$24$1_0$126        _sms_manager
     00000233  G$devkit_SMS_VDPturnOffFeature$0   _sms_manager
     00000233  _devkit_SMS_VDPturnOffFeature      _sms_manager
     00000237  A$_sms_manager$292                 _sms_manager
     00000239  A$_sms_manager$293                 _sms_manager
     0000023C  A$_sms_manager$294                 _sms_manager
     0000023F  A$_sms_manager$302                 _sms_manager
     0000023F  C$_sms_manager.c$25$1_0$126        _sms_manager
ASxxxx Linker V03.00 + NoICE + sdld,  page 4.
Hexadecimal  [32-Bits]

Area                                    Addr        Size        Decimal Bytes (Attributes)
--------------------------------        ----        ----        ------- ----- ------------
_CODE                               00000200    00001A6F =        6767. bytes (REL,CON)

      Value  Global                              Global Defined In Module
      -----  --------------------------------   ------------------------
     0000023F  XG$devkit_SMS_VDPturnOffFeature$   _sms_manager
     00000242  A$_sms_manager$315                 _sms_manager
     00000242  C$_sms_manager.c$28$1_0$127        _sms_manager
     00000242  C$_sms_manager.c$30$1_0$127        _sms_manager
     00000242  G$devkit_VDPFEATURE_EXTRAHEIGHT$   _sms_manager
     00000242  _devkit_VDPFEATURE_EXTRAHEIGHT     _sms_manager
     00000245  A$_sms_manager$323                 _sms_manager
     00000245  C$_sms_manager.c$31$1_0$127        _sms_manager
     00000245  XG$devkit_VDPFEATURE_EXTRAHEIGHT   _sms_manager
     00000246  A$_sms_manager$336                 _sms_manager
     00000246  C$_sms_manager.c$32$1_0$128        _sms_manager
     00000246  C$_sms_manager.c$34$1_0$128        _sms_manager
     00000246  G$devkit_VDPFEATURE_SHIFTSPRITES   _sms_manager
     00000246  _devkit_VDPFEATURE_SHIFTSPRITES    _sms_manager
     00000249  A$_sms_manager$344                 _sms_manager
     00000249  C$_sms_manager.c$35$1_0$128        _sms_manager
     00000249  XG$devkit_VDPFEATURE_SHIFTSPRITE   _sms_manager
     0000024A  A$_sms_manager$357                 _sms_manager
     0000024A  C$_sms_manager.c$36$1_0$129        _sms_manager
     0000024A  C$_sms_manager.c$38$1_0$129        _sms_manager
     0000024A  G$devkit_VDPFEATURE_HIDEFIRSTCOL   _sms_manager
     0000024A  _devkit_VDPFEATURE_HIDEFIRSTCOL    _sms_manager
     0000024D  A$_sms_manager$365                 _sms_manager
     0000024D  C$_sms_manager.c$39$1_0$129        _sms_manager
     0000024D  XG$devkit_VDPFEATURE_HIDEFIRSTCO   _sms_manager
     0000024E  A$_sms_manager$378                 _sms_manager
     0000024E  C$_sms_manager.c$40$1_0$130        _sms_manager
     0000024E  C$_sms_manager.c$42$1_0$130        _sms_manager
     0000024E  G$devkit_VDPFEATURE_LEFTCOLBLANK   _sms_manager
     0000024E  _devkit_VDPFEATURE_LEFTCOLBLANK    _sms_manager
     00000251  A$_sms_manager$386                 _sms_manager
     00000251  C$_sms_manager.c$43$1_0$130        _sms_manager
     00000251  XG$devkit_VDPFEATURE_LEFTCOLBLAN   _sms_manager
     00000252  A$_sms_manager$399                 _sms_manager
     00000252  C$_sms_manager.c$44$1_0$131        _sms_manager
     00000252  C$_sms_manager.c$46$1_0$131        _sms_manager
     00000252  G$devkit_VDPFEATURE_LOCKHSCROLL$   _sms_manager
     00000252  _devkit_VDPFEATURE_LOCKHSCROLL     _sms_manager
     00000255  A$_sms_manager$407                 _sms_manager
     00000255  C$_sms_manager.c$47$1_0$131        _sms_manager
     00000255  XG$devkit_VDPFEATURE_LOCKHSCROLL   _sms_manager
     00000256  A$_sms_manager$420                 _sms_manager
     00000256  C$_sms_manager.c$48$1_0$132        _sms_manager
     00000256  C$_sms_manager.c$50$1_0$132        _sms_manager
     00000256  G$devkit_VDPFEATURE_LOCKVSCROLL$   _sms_manager
     00000256  _devkit_VDPFEATURE_LOCKVSCROLL     _sms_manager
     00000259  A$_sms_manager$428                 _sms_manager
     00000259  C$_sms_manager.c$51$1_0$132        _sms_manager
     00000259  XG$devkit_VDPFEATURE_LOCKVSCROLL   _sms_manager
     0000025A  A$_sms_manager$441                 _sms_manager
     0000025A  C$_sms_manager.c$54$1_0$133        _sms_manager
ASxxxx Linker V03.00 + NoICE + sdld,  page 5.
Hexadecimal  [32-Bits]

Area                                    Addr        Size        Decimal Bytes (Attributes)
--------------------------------        ----        ----        ------- ----- ------------
_CODE                               00000200    00001A6F =        6767. bytes (REL,CON)

      Value  Global                              Global Defined In Module
      -----  --------------------------------   ------------------------
     0000025A  C$_sms_manager.c$56$1_0$133        _sms_manager
     0000025A  G$devkit_VDPFEATURE_ZOOMSPRITES$   _sms_manager
     0000025A  _devkit_VDPFEATURE_ZOOMSPRITES     _sms_manager
     0000025D  A$_sms_manager$449                 _sms_manager
     0000025D  C$_sms_manager.c$57$1_0$133        _sms_manager
     0000025D  XG$devkit_VDPFEATURE_ZOOMSPRITES   _sms_manager
     0000025E  A$_sms_manager$462                 _sms_manager
     0000025E  C$_sms_manager.c$58$1_0$134        _sms_manager
     0000025E  C$_sms_manager.c$60$1_0$134        _sms_manager
     0000025E  G$devkit_VDPFEATURE_USETALLSPRIT   _sms_manager
     0000025E  _devkit_VDPFEATURE_USETALLSPRITE   _sms_manager
     00000261  A$_sms_manager$470                 _sms_manager
     00000261  C$_sms_manager.c$61$1_0$134        _sms_manager
     00000261  XG$devkit_VDPFEATURE_USETALLSPRI   _sms_manager
     00000262  A$_sms_manager$483                 _sms_manager
     00000262  C$_sms_manager.c$62$1_0$135        _sms_manager
     00000262  C$_sms_manager.c$64$1_0$135        _sms_manager
     00000262  G$devkit_VDPFEATURE_240LINES$0$0   _sms_manager
     00000262  _devkit_VDPFEATURE_240LINES        _sms_manager
     00000265  A$_sms_manager$491                 _sms_manager
     00000265  C$_sms_manager.c$65$1_0$135        _sms_manager
     00000265  XG$devkit_VDPFEATURE_240LINES$0$   _sms_manager
     00000266  A$_sms_manager$504                 _sms_manager
     00000266  C$_sms_manager.c$66$1_0$136        _sms_manager
     00000266  C$_sms_manager.c$68$1_0$136        _sms_manager
     00000266  G$devkit_VDPFEATURE_224LINES$0$0   _sms_manager
     00000266  _devkit_VDPFEATURE_224LINES        _sms_manager
     00000269  A$_sms_manager$512                 _sms_manager
     00000269  C$_sms_manager.c$69$1_0$136        _sms_manager
     00000269  XG$devkit_VDPFEATURE_224LINES$0$   _sms_manager
     0000026A  A$_sms_manager$525                 _sms_manager
     0000026A  C$_sms_manager.c$70$1_0$137        _sms_manager
     0000026A  C$_sms_manager.c$72$1_0$137        _sms_manager
     0000026A  G$devkit_VDPFEATURE_FRAMEIRQ$0$0   _sms_manager
     0000026A  _devkit_VDPFEATURE_FRAMEIRQ        _sms_manager
     0000026D  A$_sms_manager$533                 _sms_manager
     0000026D  C$_sms_manager.c$73$1_0$137        _sms_manager
     0000026D  XG$devkit_VDPFEATURE_FRAMEIRQ$0$   _sms_manager
     0000026E  A$_sms_manager$546                 _sms_manager
     0000026E  C$_sms_manager.c$74$1_0$138        _sms_manager
     0000026E  C$_sms_manager.c$76$1_0$138        _sms_manager
     0000026E  G$devkit_VDPFEATURE_SHOWDISPLAY$   _sms_manager
     0000026E  _devkit_VDPFEATURE_SHOWDISPLAY     _sms_manager
     00000271  A$_sms_manager$554                 _sms_manager
     00000271  C$_sms_manager.c$77$1_0$138        _sms_manager
     00000271  XG$devkit_VDPFEATURE_SHOWDISPLAY   _sms_manager
     00000272  A$_sms_manager$567                 _sms_manager
     00000272  C$_sms_manager.c$80$1_0$139        _sms_manager
     00000272  C$_sms_manager.c$82$1_0$139        _sms_manager
     00000272  G$devkit_SMS_displayOn$0$0         _sms_manager
     00000272  _devkit_SMS_displayOn              _sms_manager
ASxxxx Linker V03.00 + NoICE + sdld,  page 6.
Hexadecimal  [32-Bits]

Area                                    Addr        Size        Decimal Bytes (Attributes)
--------------------------------        ----        ----        ------- ----- ------------
_CODE                               00000200    00001A6F =        6767. bytes (REL,CON)

      Value  Global                              Global Defined In Module
      -----  --------------------------------   ------------------------
     00000275  A$_sms_manager$575                 _sms_manager
     00000275  C$_sms_manager.c$83$1_0$139        _sms_manager
     00000275  XG$devkit_SMS_displayOn$0$0        _sms_manager
     00000278  A$_sms_manager$588                 _sms_manager
     00000278  C$_sms_manager.c$84$1_0$140        _sms_manager
     00000278  C$_sms_manager.c$86$1_0$140        _sms_manager
     00000278  G$devkit_SMS_displayOff$0$0        _sms_manager
     00000278  _devkit_SMS_displayOff             _sms_manager
     0000027B  A$_sms_manager$596                 _sms_manager
     0000027B  C$_sms_manager.c$87$1_0$140        _sms_manager
     0000027B  XG$devkit_SMS_displayOff$0$0       _sms_manager
     0000027E  A$_sms_manager$609                 _sms_manager
     0000027E  C$_sms_manager.c$89$1_0$142        _sms_manager
     0000027E  C$_sms_manager.c$91$1_0$142        _sms_manager
     0000027E  G$devkit_SMS_setBGScrollX$0$0      _sms_manager
     0000027E  _devkit_SMS_setBGScrollX           _sms_manager
     00000282  A$_sms_manager$610                 _sms_manager
     00000284  A$_sms_manager$611                 _sms_manager
     00000287  A$_sms_manager$619                 _sms_manager
     00000287  C$_sms_manager.c$92$1_0$142        _sms_manager
     00000287  XG$devkit_SMS_setBGScrollX$0$0     _sms_manager
     0000028A  A$_sms_manager$632                 _sms_manager
     0000028A  C$_sms_manager.c$93$1_0$144        _sms_manager
     0000028A  C$_sms_manager.c$95$1_0$144        _sms_manager
     0000028A  G$devkit_SMS_setBGScrollY$0$0      _sms_manager
     0000028A  _devkit_SMS_setBGScrollY           _sms_manager
     0000028E  A$_sms_manager$633                 _sms_manager
     00000290  A$_sms_manager$634                 _sms_manager
     00000293  A$_sms_manager$642                 _sms_manager
     00000293  C$_sms_manager.c$96$1_0$144        _sms_manager
     00000293  XG$devkit_SMS_setBGScrollY$0$0     _sms_manager
     00000296  A$_sms_manager$655                 _sms_manager
     00000296  C$_sms_manager.c$97$1_0$146        _sms_manager
     00000296  C$_sms_manager.c$99$1_0$146        _sms_manager
     00000296  G$devkit_SMS_setBackdropColor$0$   _sms_manager
     00000296  _devkit_SMS_setBackdropColor       _sms_manager
     0000029A  A$_sms_manager$656                 _sms_manager
     0000029C  A$_sms_manager$657                 _sms_manager
     0000029F  A$_sms_manager$665                 _sms_manager
     0000029F  C$_sms_manager.c$100$1_0$146       _sms_manager
     0000029F  XG$devkit_SMS_setBackdropColor$0   _sms_manager
     000002A2  A$_sms_manager$678                 _sms_manager
     000002A2  C$_sms_manager.c$101$1_0$148       _sms_manager
     000002A2  C$_sms_manager.c$103$1_0$148       _sms_manager
     000002A2  G$devkit_SMS_useFirstHalfTilesfo   _sms_manager
     000002A2  _devkit_SMS_useFirstHalfTilesfor   _sms_manager
     000002A3  A$_sms_manager$679                 _sms_manager
     000002A7  A$_sms_manager$680                 _sms_manager
     000002A9  A$_sms_manager$681                 _sms_manager
     000002AC  A$_sms_manager$682                 _sms_manager
     000002AD  A$_sms_manager$683                 _sms_manager
ASxxxx Linker V03.00 + NoICE + sdld,  page 7.
Hexadecimal  [32-Bits]

Area                                    Addr        Size        Decimal Bytes (Attributes)
--------------------------------        ----        ----        ------- ----- ------------
_CODE                               00000200    00001A6F =        6767. bytes (REL,CON)

      Value  Global                              Global Defined In Module
      -----  --------------------------------   ------------------------
     000002AE  A$_sms_manager$691                 _sms_manager
     000002AE  C$_sms_manager.c$104$1_0$148       _sms_manager
     000002AE  XG$devkit_SMS_useFirstHalfTilesf   _sms_manager
     000002B1  A$_sms_manager$704                 _sms_manager
     000002B1  C$_sms_manager.c$105$1_0$150       _sms_manager
     000002B1  C$_sms_manager.c$107$1_0$150       _sms_manager
     000002B1  G$devkit_SMS_setSpriteMode$0$0     _sms_manager
     000002B1  _devkit_SMS_setSpriteMode          _sms_manager
     000002B5  A$_sms_manager$705                 _sms_manager
     000002B7  A$_sms_manager$706                 _sms_manager
     000002BA  A$_sms_manager$714                 _sms_manager
     000002BA  C$_sms_manager.c$108$1_0$150       _sms_manager
     000002BA  XG$devkit_SMS_setSpriteMode$0$0    _sms_manager
     000002BD  A$_sms_manager$727                 _sms_manager
     000002BD  C$_sms_manager.c$111$1_0$151       _sms_manager
     000002BD  C$_sms_manager.c$113$1_0$151       _sms_manager
     000002BD  G$devkit_SPRITEMODE_NORMAL$0$0     _sms_manager
     000002BD  _devkit_SPRITEMODE_NORMAL          _sms_manager
     000002BF  A$_sms_manager$735                 _sms_manager
     000002BF  C$_sms_manager.c$114$1_0$151       _sms_manager
     000002BF  XG$devkit_SPRITEMODE_NORMAL$0$0    _sms_manager
     000002C0  A$_sms_manager$748                 _sms_manager
     000002C0  C$_sms_manager.c$115$1_0$152       _sms_manager
     000002C0  C$_sms_manager.c$117$1_0$152       _sms_manager
     000002C0  G$devkit_SPRITEMODE_TALL$0$0       _sms_manager
     000002C0  _devkit_SPRITEMODE_TALL            _sms_manager
     000002C2  A$_sms_manager$756                 _sms_manager
     000002C2  C$_sms_manager.c$118$1_0$152       _sms_manager
     000002C2  XG$devkit_SPRITEMODE_TALL$0$0      _sms_manager
     000002C3  A$_sms_manager$769                 _sms_manager
     000002C3  C$_sms_manager.c$119$1_0$153       _sms_manager
     000002C3  C$_sms_manager.c$121$1_0$153       _sms_manager
     000002C3  G$devkit_SPRITEMODE_ZOOMED$0$0     _sms_manager
     000002C3  _devkit_SPRITEMODE_ZOOMED          _sms_manager
     000002C5  A$_sms_manager$777                 _sms_manager
     000002C5  C$_sms_manager.c$122$1_0$153       _sms_manager
     000002C5  XG$devkit_SPRITEMODE_ZOOMED$0$0    _sms_manager
     000002C6  A$_sms_manager$790                 _sms_manager
     000002C6  C$_sms_manager.c$123$1_0$154       _sms_manager
     000002C6  C$_sms_manager.c$125$1_0$154       _sms_manager
     000002C6  G$devkit_SPRITEMODE_TALL_ZOOMED$   _sms_manager
     000002C6  _devkit_SPRITEMODE_TALL_ZOOMED     _sms_manager
     000002C8  A$_sms_manager$798                 _sms_manager
     000002C8  C$_sms_manager.c$126$1_0$154       _sms_manager
     000002C8  XG$devkit_SPRITEMODE_TALL_ZOOMED   _sms_manager
     000002C9  A$_sms_manager$811                 _sms_manager
     000002C9  C$_sms_manager.c$131$1_0$156       _sms_manager
     000002C9  C$_sms_manager.c$133$1_0$156       _sms_manager
     000002C9  G$devkit_SMS_mapROMBank$0$0        _sms_manager
     000002C9  _devkit_SMS_mapROMBank             _sms_manager
     000002CD  A$_sms_manager$812                 _sms_manager
ASxxxx Linker V03.00 + NoICE + sdld,  page 8.
Hexadecimal  [32-Bits]

Area                                    Addr        Size        Decimal Bytes (Attributes)
--------------------------------        ----        ----        ------- ----- ------------
_CODE                               00000200    00001A6F =        6767. bytes (REL,CON)

      Value  Global                              Global Defined In Module
      -----  --------------------------------   ------------------------
     000002CF  A$_sms_manager$813                 _sms_manager
     000002D2  A$_sms_manager$814                 _sms_manager
     000002D5  A$_sms_manager$822                 _sms_manager
     000002D5  C$_sms_manager.c$134$1_0$156       _sms_manager
     000002D5  XG$devkit_SMS_mapROMBank$0$0       _sms_manager
     000002D6  A$_sms_manager$835                 _sms_manager
     000002D6  C$_sms_manager.c$137$1_0$157       _sms_manager
     000002D6  C$_sms_manager.c$139$1_0$157       _sms_manager
     000002D6  G$devkit_SMS_enableSRAM$0$0        _sms_manager
     000002D6  _devkit_SMS_enableSRAM             _sms_manager
     000002D8  A$_sms_manager$836                 _sms_manager
     000002DB  A$_sms_manager$844                 _sms_manager
     000002DB  C$_sms_manager.c$140$1_0$157       _sms_manager
     000002DB  XG$devkit_SMS_enableSRAM$0$0       _sms_manager
     000002DC  A$_sms_manager$857                 _sms_manager
     000002DC  C$_sms_manager.c$141$1_0$159       _sms_manager
     000002DC  C$_sms_manager.c$143$1_0$159       _sms_manager
     000002DC  G$devkit_SMS_enableSRAMBank$0$0    _sms_manager
     000002DC  _devkit_SMS_enableSRAMBank         _sms_manager
     000002E0  A$_sms_manager$858                 _sms_manager
     000002E2  A$_sms_manager$859                 _sms_manager
     000002E5  A$_sms_manager$860                 _sms_manager
     000002E6  A$_sms_manager$861                 _sms_manager
     000002E7  A$_sms_manager$862                 _sms_manager
     000002E9  A$_sms_manager$863                 _sms_manager
     000002EB  A$_sms_manager$864                 _sms_manager
     000002EE  A$_sms_manager$872                 _sms_manager
     000002EE  C$_sms_manager.c$144$1_0$159       _sms_manager
     000002EE  XG$devkit_SMS_enableSRAMBank$0$0   _sms_manager
     000002EF  A$_sms_manager$885                 _sms_manager
     000002EF  C$_sms_manager.c$145$1_0$160       _sms_manager
     000002EF  C$_sms_manager.c$147$1_0$160       _sms_manager
     000002EF  G$devkit_SMS_disableSRAM$0$0       _sms_manager
     000002EF  _devkit_SMS_disableSRAM            _sms_manager
     000002F1  A$_sms_manager$886                 _sms_manager
     000002F4  A$_sms_manager$894                 _sms_manager
     000002F4  C$_sms_manager.c$148$1_0$160       _sms_manager
     000002F4  XG$devkit_SMS_disableSRAM$0$0      _sms_manager
     000002F5  A$_sms_manager$907                 _sms_manager
     000002F5  C$_sms_manager.c$151$1_0$161       _sms_manager
     000002F5  C$_sms_manager.c$153$1_0$161       _sms_manager
     000002F5  G$devkit_SMS_SRAM$0$0              _sms_manager
     000002F5  _devkit_SMS_SRAM                   _sms_manager
     000002F8  A$_sms_manager$915                 _sms_manager
     000002F8  C$_sms_manager.c$154$1_0$161       _sms_manager
     000002F8  XG$devkit_SMS_SRAM$0$0             _sms_manager
     000002F9  A$_sms_manager$935                 _sms_manager
     000002F9  C$_sms_manager.c$157$1_0$162       _sms_manager
     000002F9  C$_sms_manager.c$159$1_0$162       _sms_manager
     000002F9  C$_sms_manager.c$160$1_0$162       _sms_manager
     000002F9  G$devkit_SMS_waitForVBlank$0$0     _sms_manager
ASxxxx Linker V03.00 + NoICE + sdld,  page 9.
Hexadecimal  [32-Bits]

Area                                    Addr        Size        Decimal Bytes (Attributes)
--------------------------------        ----        ----        ------- ----- ------------
_CODE                               00000200    00001A6F =        6767. bytes (REL,CON)

      Value  Global                              Global Defined In Module
      -----  --------------------------------   ------------------------
     000002F9  XG$devkit_SMS_waitForVBlank$0$0    _sms_manager
     000002F9  _devkit_SMS_waitForVBlank          _sms_manager
     000002FC  A$_sms_manager$948                 _sms_manager
     000002FC  C$_sms_manager.c$163$1_0$164       _sms_manager
     000002FC  C$_sms_manager.c$165$1_0$164       _sms_manager
     000002FC  G$devkit_SMS_loadTiles$0$0         _sms_manager
     000002FC  _devkit_SMS_loadTiles              _sms_manager
     00000300  A$_sms_manager$949                 _sms_manager
     00000302  A$_sms_manager$950                 _sms_manager
     00000305  A$_sms_manager$951                 _sms_manager
     00000308  A$_sms_manager$952                 _sms_manager
     00000309  A$_sms_manager$953                 _sms_manager
     0000030C  A$_sms_manager$954                 _sms_manager
     0000030F  A$_sms_manager$955                 _sms_manager
     00000311  A$_sms_manager$956                 _sms_manager
     00000313  A$_sms_manager$957                 _sms_manager
     00000314  A$_sms_manager$958                 _sms_manager
     00000317  A$_sms_manager$959                 _sms_manager
     0000031A  A$_sms_manager$960                 _sms_manager
     0000031B  A$_sms_manager$961                 _sms_manager
     0000031E  A$_sms_manager$962                 _sms_manager
     00000321  A$_sms_manager$963                 _sms_manager
     00000322  A$_sms_manager$964                 _sms_manager
     00000323  A$_sms_manager$972                 _sms_manager
     00000323  C$_sms_manager.c$166$1_0$164       _sms_manager
     00000323  XG$devkit_SMS_loadTiles$0$0        _sms_manager
     00000324  A$_sms_manager$985                 _sms_manager
     00000324  C$_sms_manager.c$167$1_0$166       _sms_manager
     00000324  C$_sms_manager.c$169$1_0$166       _sms_manager
     00000324  G$devkit_SMS_loadPSGaidencompres   _sms_manager
     00000324  _devkit_SMS_loadPSGaidencompress   _sms_manager
     00000328  A$_sms_manager$986                 _sms_manager
     0000032A  A$_sms_manager$987                 _sms_manager
     0000032D  A$_sms_manager$988                 _sms_manager
     00000330  A$_sms_manager$989                 _sms_manager
     00000331  A$_sms_manager$990                 _sms_manager
     00000334  A$_sms_manager$991                 _sms_manager
     00000337  A$_sms_manager$992                 _sms_manager
     00000338  A$_sms_manager$993                 _sms_manager
     0000033B  A$_sms_manager$994                 _sms_manager
     0000033C  A$_sms_manager$995                 _sms_manager
     0000033D  A$_sms_manager$1003                _sms_manager
     0000033D  C$_sms_manager.c$170$1_0$166       _sms_manager
     0000033D  XG$devkit_SMS_loadPSGaidencompre   _sms_manager
     0000033E  A$_sms_manager$1016                _sms_manager
     0000033E  C$_sms_manager.c$173$1_0$168       _sms_manager
     0000033E  C$_sms_manager.c$175$1_0$168       _sms_manager
     0000033E  G$devkit_SMS_loadTileMap$0$0       _sms_manager
     0000033E  _devkit_SMS_loadTileMap            _sms_manager
     00000342  A$_sms_manager$1017                _sms_manager
     00000344  A$_sms_manager$1018                _sms_manager
ASxxxx Linker V03.00 + NoICE + sdld,  page 10.
Hexadecimal  [32-Bits]

Area                                    Addr        Size        Decimal Bytes (Attributes)
--------------------------------        ----        ----        ------- ----- ------------
_CODE                               00000200    00001A6F =        6767. bytes (REL,CON)

      Value  Global                              Global Defined In Module
      -----  --------------------------------   ------------------------
     00000347  A$_sms_manager$1019                _sms_manager
     0000034A  A$_sms_manager$1020                _sms_manager
     0000034B  A$_sms_manager$1021                _sms_manager
     0000034E  A$_sms_manager$1022                _sms_manager
     00000351  A$_sms_manager$1023                _sms_manager
     00000353  A$_sms_manager$1024                _sms_manager
     00000355  A$_sms_manager$1025                _sms_manager
     00000356  A$_sms_manager$1026                _sms_manager
     00000359  A$_sms_manager$1027                _sms_manager
     0000035B  A$_sms_manager$1028                _sms_manager
     0000035C  A$_sms_manager$1029                _sms_manager
     0000035D  A$_sms_manager$1030                _sms_manager
     00000360  A$_sms_manager$1031                _sms_manager
     00000361  A$_sms_manager$1032                _sms_manager
     00000362  A$_sms_manager$1033                _sms_manager
     00000365  A$_sms_manager$1034                _sms_manager
     00000368  A$_sms_manager$1035                _sms_manager
     00000369  A$_sms_manager$1036                _sms_manager
     0000036A  A$_sms_manager$1044                _sms_manager
     0000036A  C$_sms_manager.c$176$1_0$168       _sms_manager
     0000036A  XG$devkit_SMS_loadTileMap$0$0      _sms_manager
     0000036B  A$_sms_manager$1057                _sms_manager
     0000036B  C$_sms_manager.c$177$1_0$170       _sms_manager
     0000036B  C$_sms_manager.c$179$1_0$170       _sms_manager
     0000036B  G$devkit_SMS_loadSTMcompressedTi   _sms_manager
     0000036B  _devkit_SMS_loadSTMcompressedTil   _sms_manager
     0000036C  A$_sms_manager$1058                _sms_manager
     0000036D  A$_sms_manager$1059                _sms_manager
     0000036E  A$_sms_manager$1060                _sms_manager
     00000372  A$_sms_manager$1061                _sms_manager
     00000374  A$_sms_manager$1062                _sms_manager
     00000377  A$_sms_manager$1063                _sms_manager
     0000037A  A$_sms_manager$1064                _sms_manager
     0000037B  A$_sms_manager$1065                _sms_manager
     0000037E  A$_sms_manager$1066                _sms_manager
     00000380  A$_sms_manager$1067                _sms_manager
     00000381  A$_sms_manager$1068                _sms_manager
     00000382  A$_sms_manager$1069                _sms_manager
     00000385  A$_sms_manager$1070                _sms_manager
     00000386  A$_sms_manager$1071                _sms_manager
     00000387  A$_sms_manager$1072                _sms_manager
     0000038A  A$_sms_manager$1073                _sms_manager
     0000038B  A$_sms_manager$1074                _sms_manager
     0000038C  A$_sms_manager$1075                _sms_manager
     0000038D  A$_sms_manager$1083                _sms_manager
     0000038D  C$_sms_manager.c$180$1_0$170       _sms_manager
     0000038D  XG$devkit_SMS_loadSTMcompressedT   _sms_manager
     0000038E  A$_sms_manager$1096                _sms_manager
     0000038E  C$_sms_manager.c$181$1_0$172       _sms_manager
     0000038E  C$_sms_manager.c$183$1_0$172       _sms_manager
     0000038E  G$devkit_SMS_loadTileMapArea$0$0   _sms_manager
ASxxxx Linker V03.00 + NoICE + sdld,  page 11.
Hexadecimal  [32-Bits]

Area                                    Addr        Size        Decimal Bytes (Attributes)
--------------------------------        ----        ----        ------- ----- ------------
_CODE                               00000200    00001A6F =        6767. bytes (REL,CON)

      Value  Global                              Global Defined In Module
      -----  --------------------------------   ------------------------
     0000038E  _devkit_SMS_loadTileMapArea        _sms_manager
     00000392  A$_sms_manager$1097                _sms_manager
     00000394  A$_sms_manager$1098                _sms_manager
     00000397  A$_sms_manager$1099                _sms_manager
     00000398  A$_sms_manager$1100                _sms_manager
     00000399  A$_sms_manager$1101                _sms_manager
     0000039C  A$_sms_manager$1102                _sms_manager
     0000039E  A$_sms_manager$1103                _sms_manager
     0000039F  A$_sms_manager$1104                _sms_manager
     000003A0  A$_sms_manager$1105                _sms_manager
     000003A3  A$_sms_manager$1106                _sms_manager
     000003A6  A$_sms_manager$1107                _sms_manager
     000003A8  A$_sms_manager$1108                _sms_manager
     000003AA  A$_sms_manager$1109                _sms_manager
     000003AB  A$_sms_manager$1110                _sms_manager
     000003AE  A$_sms_manager$1111                _sms_manager
     000003B0  A$_sms_manager$1112                _sms_manager
     000003B1  A$_sms_manager$1113                _sms_manager
     000003B2  A$_sms_manager$1114                _sms_manager
     000003B5  A$_sms_manager$1115                _sms_manager
     000003B6  A$_sms_manager$1116                _sms_manager
     000003B7  A$_sms_manager$1117                _sms_manager
     000003BA  A$_sms_manager$1118                _sms_manager
     000003BD  A$_sms_manager$1119                _sms_manager
     000003BE  A$_sms_manager$1120                _sms_manager
     000003BF  A$_sms_manager$1128                _sms_manager
     000003BF  C$_sms_manager.c$184$1_0$172       _sms_manager
     000003BF  XG$devkit_SMS_loadTileMapArea$0$   _sms_manager
     000003C0  A$_sms_manager$1141                _sms_manager
     000003C0  C$_sms_manager.c$188$1_0$174       _sms_manager
     000003C0  C$_sms_manager.c$190$1_0$174       _sms_manager
     000003C0  G$devkit_SMS_loadSTMcompressedTi   _sms_manager
     000003C0  _devkit_SMS_loadSTMcompressedTil   _sms_manager
     000003C2  A$_sms_manager$1142                _sms_manager
     000003C3  A$_sms_manager$1143                _sms_manager
     000003C4  A$_sms_manager$1144                _sms_manager
     000003C8  A$_sms_manager$1145                _sms_manager
     000003CA  A$_sms_manager$1146                _sms_manager
     000003CD  A$_sms_manager$1147                _sms_manager
     000003D0  A$_sms_manager$1148                _sms_manager
     000003D1  A$_sms_manager$1149                _sms_manager
     000003D4  A$_sms_manager$1150                _sms_manager
     000003D6  A$_sms_manager$1151                _sms_manager
     000003D7  A$_sms_manager$1152                _sms_manager
     000003D8  A$_sms_manager$1153                _sms_manager
     000003DB  A$_sms_manager$1154                _sms_manager
     000003DC  A$_sms_manager$1155                _sms_manager
     000003DD  A$_sms_manager$1156                _sms_manager
     000003E0  A$_sms_manager$1157                _sms_manager
     000003E1  A$_sms_manager$1158                _sms_manager
     000003E2  A$_sms_manager$1159                _sms_manager
ASxxxx Linker V03.00 + NoICE + sdld,  page 12.
Hexadecimal  [32-Bits]

Area                                    Addr        Size        Decimal Bytes (Attributes)
--------------------------------        ----        ----        ------- ----- ------------
_CODE                               00000200    00001A6F =        6767. bytes (REL,CON)

      Value  Global                              Global Defined In Module
      -----  --------------------------------   ------------------------
     000003E3  A$_sms_manager$1167                _sms_manager
     000003E3  C$_sms_manager.c$191$1_0$174       _sms_manager
     000003E3  XG$devkit_SMS_loadSTMcompressedT   _sms_manager
     000003E4  A$_sms_manager$1180                _sms_manager
     000003E4  C$_sms_manager.c$193$1_0$176       _sms_manager
     000003E4  C$_sms_manager.c$195$1_0$176       _sms_manager
     000003E4  G$devkit_SMS_crt0_RST08$0$0        _sms_manager
     000003E4  _devkit_SMS_crt0_RST08             _sms_manager
     000003E8  A$_sms_manager$1181                _sms_manager
     000003EA  A$_sms_manager$1182                _sms_manager
     000003ED  A$_sms_manager$1183                _sms_manager
     000003F0  A$_sms_manager$1191                _sms_manager
     000003F0  C$_sms_manager.c$196$1_0$176       _sms_manager
     000003F0  XG$devkit_SMS_crt0_RST08$0$0       _sms_manager
     000003F3  A$_sms_manager$1204                _sms_manager
     000003F3  C$_sms_manager.c$197$1_0$178       _sms_manager
     000003F3  C$_sms_manager.c$199$1_0$178       _sms_manager
     000003F3  G$devkit_SMS_crt0_RST18$0$0        _sms_manager
     000003F3  _devkit_SMS_crt0_RST18             _sms_manager
     000003F7  A$_sms_manager$1205                _sms_manager
     000003F9  A$_sms_manager$1206                _sms_manager
     000003FC  A$_sms_manager$1207                _sms_manager
     000003FF  A$_sms_manager$1215                _sms_manager
     000003FF  C$_sms_manager.c$200$1_0$178       _sms_manager
     000003FF  XG$devkit_SMS_crt0_RST18$0$0       _sms_manager
     00000402  A$_sms_manager$1228                _sms_manager
     00000402  C$_sms_manager.c$203$1_0$180       _sms_manager
     00000402  C$_sms_manager.c$205$1_0$180       _sms_manager
     00000402  G$devkit_SMS_setTile$0$0           _sms_manager
     00000402  _devkit_SMS_setTile                _sms_manager
     00000406  A$_sms_manager$1229                _sms_manager
     00000408  A$_sms_manager$1230                _sms_manager
     0000040B  A$_sms_manager$1231                _sms_manager
     0000040E  A$_sms_manager$1239                _sms_manager
     0000040E  C$_sms_manager.c$206$1_0$180       _sms_manager
     0000040E  XG$devkit_SMS_setTile$0$0          _sms_manager
     00000411  A$_sms_manager$1252                _sms_manager
     00000411  C$_sms_manager.c$207$1_0$182       _sms_manager
     00000411  C$_sms_manager.c$209$1_0$182       _sms_manager
     00000411  G$devkit_SMS_setAddr$0$0           _sms_manager
     00000411  _devkit_SMS_setAddr                _sms_manager
     00000415  A$_sms_manager$1253                _sms_manager
     00000417  A$_sms_manager$1254                _sms_manager
     0000041A  A$_sms_manager$1255                _sms_manager
     0000041D  A$_sms_manager$1263                _sms_manager
     0000041D  C$_sms_manager.c$210$1_0$182       _sms_manager
     0000041D  XG$devkit_SMS_setAddr$0$0          _sms_manager
     00000420  A$_sms_manager$1283                _sms_manager
     00000420  C$_sms_manager.c$215$1_0$184       _sms_manager
     00000420  C$_sms_manager.c$217$1_0$184       _sms_manager
     00000420  C$_sms_manager.c$218$1_0$184       _sms_manager
ASxxxx Linker V03.00 + NoICE + sdld,  page 13.
Hexadecimal  [32-Bits]

Area                                    Addr        Size        Decimal Bytes (Attributes)
--------------------------------        ----        ----        ------- ----- ------------
_CODE                               00000200    00001A6F =        6767. bytes (REL,CON)

      Value  Global                              Global Defined In Module
      -----  --------------------------------   ------------------------
     00000420  G$devkit_XYtoADDR$0$0              _sms_manager
     00000420  XG$devkit_XYtoADDR$0$0             _sms_manager
     00000420  _devkit_XYtoADDR                   _sms_manager
     00000421  A$_sms_manager$1293                _sms_manager
     00000421  C$_sms_manager.c$219$1_0$186       _sms_manager
     00000421  G$devkit_SMS_setNextTileatXY$0$0   _sms_manager
     00000421  _devkit_SMS_setNextTileatXY        _sms_manager
     00000423  A$_sms_manager$1294                _sms_manager
     00000427  A$_sms_manager$1295                _sms_manager
     00000429  A$_sms_manager$1299                _sms_manager
     00000429  C$_sms_manager.c$221$1_0$186       _sms_manager
     0000042C  A$_sms_manager$1300                _sms_manager
     0000042E  A$_sms_manager$1301                _sms_manager
     0000042F  A$_sms_manager$1302                _sms_manager
     00000430  A$_sms_manager$1303                _sms_manager
     00000431  A$_sms_manager$1304                _sms_manager
     00000432  A$_sms_manager$1305                _sms_manager
     00000433  A$_sms_manager$1306                _sms_manager
     00000434  A$_sms_manager$1307                _sms_manager
     00000435  A$_sms_manager$1308                _sms_manager
     00000436  A$_sms_manager$1309                _sms_manager
     00000437  A$_sms_manager$1310                _sms_manager
     00000439  A$_sms_manager$1311                _sms_manager
     0000043A  A$_sms_manager$1312                _sms_manager
     0000043B  A$_sms_manager$1313                _sms_manager
     0000043E  A$_sms_manager$1314                _sms_manager
     00000440  A$_sms_manager$1315                _sms_manager
     00000441  A$_sms_manager$1316                _sms_manager
     00000442  A$_sms_manager$1317                _sms_manager
     00000443  A$_sms_manager$1318                _sms_manager
     00000444  A$_sms_manager$1319                _sms_manager
     00000445  A$_sms_manager$1320                _sms_manager
     00000446  A$_sms_manager$1328                _sms_manager
     00000446  C$_sms_manager.c$222$1_0$186       _sms_manager
     00000446  XG$devkit_SMS_setNextTileatXY$0$   _sms_manager
     00000448  A$_sms_manager$1329                _sms_manager
     0000044B  A$_sms_manager$1342                _sms_manager
     0000044B  C$_sms_manager.c$223$1_0$188       _sms_manager
     0000044B  C$_sms_manager.c$225$1_0$188       _sms_manager
     0000044B  G$devkit_SMS_setNextTileatLoc$0$   _sms_manager
     0000044B  _devkit_SMS_setNextTileatLoc       _sms_manager
     0000044C  A$_sms_manager$1343                _sms_manager
     0000044D  A$_sms_manager$1344                _sms_manager
     0000044E  A$_sms_manager$1345                _sms_manager
     0000044F  A$_sms_manager$1346                _sms_manager
     00000450  A$_sms_manager$1347                _sms_manager
     00000451  A$_sms_manager$1348                _sms_manager
     00000453  A$_sms_manager$1349                _sms_manager
     00000454  A$_sms_manager$1357                _sms_manager
     00000454  C$_sms_manager.c$226$1_0$188       _sms_manager
     00000454  XG$devkit_SMS_setNextTileatLoc$0   _sms_manager
ASxxxx Linker V03.00 + NoICE + sdld,  page 14.
Hexadecimal  [32-Bits]

Area                                    Addr        Size        Decimal Bytes (Attributes)
--------------------------------        ----        ----        ------- ----- ------------
_CODE                               00000200    00001A6F =        6767. bytes (REL,CON)

      Value  Global                              Global Defined In Module
      -----  --------------------------------   ------------------------
     00000457  A$_sms_manager$1370                _sms_manager
     00000457  C$_sms_manager.c$227$1_0$190       _sms_manager
     00000457  C$_sms_manager.c$229$1_0$190       _sms_manager
     00000457  G$devkit_SMS_setNextTileatAddr$0   _sms_manager
     00000457  _devkit_SMS_setNextTileatAddr      _sms_manager
     0000045B  A$_sms_manager$1371                _sms_manager
     0000045D  A$_sms_manager$1372                _sms_manager
     00000460  A$_sms_manager$1373                _sms_manager
     00000462  A$_sms_manager$1381                _sms_manager
     00000462  C$_sms_manager.c$230$1_0$190       _sms_manager
     00000462  XG$devkit_SMS_setNextTileatAddr$   _sms_manager
     00000465  A$_sms_manager$1391                _sms_manager
     00000465  C$_sms_manager.c$231$1_0$192       _sms_manager
     00000465  G$devkit_SMS_setTileatXY$0$0       _sms_manager
     00000465  _devkit_SMS_setTileatXY            _sms_manager
     00000467  A$_sms_manager$1392                _sms_manager
     0000046B  A$_sms_manager$1393                _sms_manager
     0000046D  A$_sms_manager$1397                _sms_manager
     0000046D  C$_sms_manager.c$233$2_0$193       _sms_manager
     00000470  A$_sms_manager$1398                _sms_manager
     00000472  A$_sms_manager$1399                _sms_manager
     00000473  A$_sms_manager$1400                _sms_manager
     00000474  A$_sms_manager$1401                _sms_manager
     00000475  A$_sms_manager$1402                _sms_manager
     00000476  A$_sms_manager$1403                _sms_manager
     00000477  A$_sms_manager$1404                _sms_manager
     00000478  A$_sms_manager$1405                _sms_manager
     00000479  A$_sms_manager$1406                _sms_manager
     0000047A  A$_sms_manager$1407                _sms_manager
     0000047C  A$_sms_manager$1408                _sms_manager
     0000047D  A$_sms_manager$1409                _sms_manager
     00000480  A$_sms_manager$1410                _sms_manager
     00000482  A$_sms_manager$1411                _sms_manager
     00000483  A$_sms_manager$1412                _sms_manager
     00000484  A$_sms_manager$1413                _sms_manager
     00000485  A$_sms_manager$1414                _sms_manager
     00000486  A$_sms_manager$1415                _sms_manager
     00000487  A$_sms_manager$1416                _sms_manager
     00000488  A$_sms_manager$1417                _sms_manager
     00000489  A$_sms_manager$1418                _sms_manager
     0000048A  A$_sms_manager$1419                _sms_manager
     0000048D  A$_sms_manager$1420                _sms_manager
     00000490  A$_sms_manager$1428                _sms_manager
     00000490  C$_sms_manager.c$234$2_0$192       _sms_manager
     00000490  XG$devkit_SMS_setTileatXY$0$0      _sms_manager
     00000492  A$_sms_manager$1429                _sms_manager
     00000495  A$_sms_manager$1442                _sms_manager
     00000495  C$_sms_manager.c$237$2_0$194       _sms_manager
     00000495  C$_sms_manager.c$239$1_0$194       _sms_manager
     00000495  G$devkit_TILE_FLIPPED_X$0$0        _sms_manager
     00000495  _devkit_TILE_FLIPPED_X             _sms_manager
ASxxxx Linker V03.00 + NoICE + sdld,  page 15.
Hexadecimal  [32-Bits]

Area                                    Addr        Size        Decimal Bytes (Attributes)
--------------------------------        ----        ----        ------- ----- ------------
_CODE                               00000200    00001A6F =        6767. bytes (REL,CON)

      Value  Global                              Global Defined In Module
      -----  --------------------------------   ------------------------
     00000498  A$_sms_manager$1450                _sms_manager
     00000498  C$_sms_manager.c$240$1_0$194       _sms_manager
     00000498  XG$devkit_TILE_FLIPPED_X$0$0       _sms_manager
     00000499  A$_sms_manager$1463                _sms_manager
     00000499  C$_sms_manager.c$241$1_0$195       _sms_manager
     00000499  C$_sms_manager.c$243$1_0$195       _sms_manager
     00000499  G$devkit_TILE_FLIPPED_Y$0$0        _sms_manager
     00000499  _devkit_TILE_FLIPPED_Y             _sms_manager
     0000049C  A$_sms_manager$1471                _sms_manager
     0000049C  C$_sms_manager.c$244$1_0$195       _sms_manager
     0000049C  XG$devkit_TILE_FLIPPED_Y$0$0       _sms_manager
     0000049D  A$_sms_manager$1484                _sms_manager
     0000049D  C$_sms_manager.c$245$1_0$196       _sms_manager
     0000049D  C$_sms_manager.c$247$1_0$196       _sms_manager
     0000049D  G$devkit_TILE_USE_SPRITE_PALETTE   _sms_manager
     0000049D  _devkit_TILE_USE_SPRITE_PALETTE    _sms_manager
     000004A0  A$_sms_manager$1492                _sms_manager
     000004A0  C$_sms_manager.c$248$1_0$196       _sms_manager
     000004A0  XG$devkit_TILE_USE_SPRITE_PALETT   _sms_manager
     000004A1  A$_sms_manager$1505                _sms_manager
     000004A1  C$_sms_manager.c$249$1_0$197       _sms_manager
     000004A1  C$_sms_manager.c$251$1_0$197       _sms_manager
     000004A1  G$devkit_TILE_PRIORITY$0$0         _sms_manager
     000004A1  _devkit_TILE_PRIORITY              _sms_manager
     000004A4  A$_sms_manager$1513                _sms_manager
     000004A4  C$_sms_manager.c$252$1_0$197       _sms_manager
     000004A4  XG$devkit_TILE_PRIORITY$0$0        _sms_manager
     000004A5  A$_sms_manager$1533                _sms_manager
     000004A5  C$_sms_manager.c$255$1_0$198       _sms_manager
     000004A5  C$_sms_manager.c$257$1_0$198       _sms_manager
     000004A5  C$_sms_manager.c$258$1_0$198       _sms_manager
     000004A5  G$devkit_SMS_initSprites$0$0       _sms_manager
     000004A5  XG$devkit_SMS_initSprites$0$0      _sms_manager
     000004A5  _devkit_SMS_initSprites            _sms_manager
     000004A8  A$_sms_manager$1546                _sms_manager
     000004A8  C$_sms_manager.c$259$1_0$200       _sms_manager
     000004A8  C$_sms_manager.c$261$1_0$200       _sms_manager
     000004A8  G$devkit_SMS_addSprite$0$0         _sms_manager
     000004A8  _devkit_SMS_addSprite              _sms_manager
     000004AC  A$_sms_manager$1547                _sms_manager
     000004AE  A$_sms_manager$1548                _sms_manager
     000004B1  A$_sms_manager$1549                _sms_manager
     000004B2  A$_sms_manager$1550                _sms_manager
     000004B3  A$_sms_manager$1551                _sms_manager
     000004B6  A$_sms_manager$1552                _sms_manager
     000004B8  A$_sms_manager$1553                _sms_manager
     000004B9  A$_sms_manager$1554                _sms_manager
     000004BA  A$_sms_manager$1555                _sms_manager
     000004BD  A$_sms_manager$1556                _sms_manager
     000004BE  A$_sms_manager$1557                _sms_manager
     000004BF  A$_sms_manager$1558                _sms_manager
ASxxxx Linker V03.00 + NoICE + sdld,  page 16.
Hexadecimal  [32-Bits]

Area                                    Addr        Size        Decimal Bytes (Attributes)
--------------------------------        ----        ----        ------- ----- ------------
_CODE                               00000200    00001A6F =        6767. bytes (REL,CON)

      Value  Global                              Global Defined In Module
      -----  --------------------------------   ------------------------
     000004C2  A$_sms_manager$1559                _sms_manager
     000004C3  A$_sms_manager$1560                _sms_manager
     000004C4  A$_sms_manager$1568                _sms_manager
     000004C4  C$_sms_manager.c$262$1_0$200       _sms_manager
     000004C4  XG$devkit_SMS_addSprite$0$0        _sms_manager
     000004C5  A$_sms_manager$1588                _sms_manager
     000004C5  C$_sms_manager.c$263$1_0$202       _sms_manager
     000004C5  C$_sms_manager.c$265$1_0$202       _sms_manager
     000004C5  C$_sms_manager.c$266$1_0$202       _sms_manager
     000004C5  G$devkit_SMS_reserveSprite$0$0     _sms_manager
     000004C5  XG$devkit_SMS_reserveSprite$0$0    _sms_manager
     000004C5  _devkit_SMS_reserveSprite          _sms_manager
     000004C8  A$_sms_manager$1601                _sms_manager
     000004C8  C$_sms_manager.c$267$1_0$204       _sms_manager
     000004C8  C$_sms_manager.c$269$1_0$204       _sms_manager
     000004C8  G$devkit_SMS_updateSpritePositio   _sms_manager
     000004C8  _devkit_SMS_updateSpritePosition   _sms_manager
     000004CC  A$_sms_manager$1602                _sms_manager
     000004CE  A$_sms_manager$1603                _sms_manager
     000004D1  A$_sms_manager$1604                _sms_manager
     000004D2  A$_sms_manager$1605                _sms_manager
     000004D3  A$_sms_manager$1606                _sms_manager
     000004D6  A$_sms_manager$1607                _sms_manager
     000004D8  A$_sms_manager$1608                _sms_manager
     000004D9  A$_sms_manager$1609                _sms_manager
     000004DA  A$_sms_manager$1610                _sms_manager
     000004DD  A$_sms_manager$1611                _sms_manager
     000004DE  A$_sms_manager$1612                _sms_manager
     000004DF  A$_sms_manager$1613                _sms_manager
     000004E2  A$_sms_manager$1614                _sms_manager
     000004E3  A$_sms_manager$1615                _sms_manager
     000004E4  A$_sms_manager$1623                _sms_manager
     000004E4  C$_sms_manager.c$270$1_0$204       _sms_manager
     000004E4  XG$devkit_SMS_updateSpritePositi   _sms_manager
     000004E5  A$_sms_manager$1636                _sms_manager
     000004E5  C$_sms_manager.c$271$1_0$206       _sms_manager
     000004E5  C$_sms_manager.c$273$1_0$206       _sms_manager
     000004E5  G$devkit_SMS_updateSpriteImage$0   _sms_manager
     000004E5  _devkit_SMS_updateSpriteImage      _sms_manager
     000004E9  A$_sms_manager$1637                _sms_manager
     000004EB  A$_sms_manager$1638                _sms_manager
     000004EE  A$_sms_manager$1639                _sms_manager
     000004F1  A$_sms_manager$1640                _sms_manager
     000004F2  A$_sms_manager$1641                _sms_manager
     000004F5  A$_sms_manager$1642                _sms_manager
     000004F6  A$_sms_manager$1650                _sms_manager
     000004F6  C$_sms_manager.c$274$1_0$206       _sms_manager
     000004F6  XG$devkit_SMS_updateSpriteImage$   _sms_manager
     000004F7  A$_sms_manager$1663                _sms_manager
     000004F7  C$_sms_manager.c$275$1_0$208       _sms_manager
     000004F7  C$_sms_manager.c$277$1_0$208       _sms_manager
ASxxxx Linker V03.00 + NoICE + sdld,  page 17.
Hexadecimal  [32-Bits]

Area                                    Addr        Size        Decimal Bytes (Attributes)
--------------------------------        ----        ----        ------- ----- ------------
_CODE                               00000200    00001A6F =        6767. bytes (REL,CON)

      Value  Global                              Global Defined In Module
      -----  --------------------------------   ------------------------
     000004F7  G$devkit_SMS_hideSprite$0$0        _sms_manager
     000004F7  _devkit_SMS_hideSprite             _sms_manager
     000004FA  A$_sms_manager$1664                _sms_manager
     000004FB  A$_sms_manager$1665                _sms_manager
     000004FC  A$_sms_manager$1666                _sms_manager
     000004FD  A$_sms_manager$1667                _sms_manager
     000004FE  A$_sms_manager$1668                _sms_manager
     00000501  A$_sms_manager$1669                _sms_manager
     00000502  A$_sms_manager$1677                _sms_manager
     00000502  C$_sms_manager.c$278$1_0$208       _sms_manager
     00000502  XG$devkit_SMS_hideSprite$0$0       _sms_manager
     00000503  A$_sms_manager$1690                _sms_manager
     00000503  C$_sms_manager.c$279$1_0$210       _sms_manager
     00000503  C$_sms_manager.c$281$1_0$210       _sms_manager
     00000503  G$devkit_SMS_setClippingWindow$0   _sms_manager
     00000503  _devkit_SMS_setClippingWindow      _sms_manager
     00000507  A$_sms_manager$1691                _sms_manager
     00000509  A$_sms_manager$1692                _sms_manager
     0000050C  A$_sms_manager$1693                _sms_manager
     0000050D  A$_sms_manager$1694                _sms_manager
     0000050E  A$_sms_manager$1695                _sms_manager
     00000511  A$_sms_manager$1696                _sms_manager
     00000513  A$_sms_manager$1697                _sms_manager
     00000514  A$_sms_manager$1698                _sms_manager
     00000515  A$_sms_manager$1699                _sms_manager
     00000518  A$_sms_manager$1700                _sms_manager
     0000051A  A$_sms_manager$1701                _sms_manager
     0000051B  A$_sms_manager$1702                _sms_manager
     0000051C  A$_sms_manager$1703                _sms_manager
     0000051F  A$_sms_manager$1704                _sms_manager
     00000520  A$_sms_manager$1705                _sms_manager
     00000521  A$_sms_manager$1706                _sms_manager
     00000524  A$_sms_manager$1707                _sms_manager
     00000525  A$_sms_manager$1708                _sms_manager
     00000526  A$_sms_manager$1716                _sms_manager
     00000526  C$_sms_manager.c$282$1_0$210       _sms_manager
     00000526  XG$devkit_SMS_setClippingWindow$   _sms_manager
     00000527  A$_sms_manager$1729                _sms_manager
     00000527  C$_sms_manager.c$283$1_0$212       _sms_manager
     00000527  C$_sms_manager.c$285$1_0$212       _sms_manager
     00000527  G$devkit_SMS_addSpriteClipping$0   _sms_manager
     00000527  _devkit_SMS_addSpriteClipping      _sms_manager
     0000052B  A$_sms_manager$1730                _sms_manager
     0000052D  A$_sms_manager$1731                _sms_manager
     00000530  A$_sms_manager$1732                _sms_manager
     00000531  A$_sms_manager$1733                _sms_manager
     00000532  A$_sms_manager$1734                _sms_manager
     00000535  A$_sms_manager$1735                _sms_manager
     00000538  A$_sms_manager$1736                _sms_manager
     0000053A  A$_sms_manager$1737                _sms_manager
     0000053C  A$_sms_manager$1738                _sms_manager
ASxxxx Linker V03.00 + NoICE + sdld,  page 18.
Hexadecimal  [32-Bits]

Area                                    Addr        Size        Decimal Bytes (Attributes)
--------------------------------        ----        ----        ------- ----- ------------
_CODE                               00000200    00001A6F =        6767. bytes (REL,CON)

      Value  Global                              Global Defined In Module
      -----  --------------------------------   ------------------------
     0000053D  A$_sms_manager$1739                _sms_manager
     00000540  A$_sms_manager$1740                _sms_manager
     00000543  A$_sms_manager$1741                _sms_manager
     00000544  A$_sms_manager$1742                _sms_manager
     00000547  A$_sms_manager$1743                _sms_manager
     00000548  A$_sms_manager$1744                _sms_manager
     00000549  A$_sms_manager$1745                _sms_manager
     0000054A  A$_sms_manager$1753                _sms_manager
     0000054A  C$_sms_manager.c$286$1_0$212       _sms_manager
     0000054A  XG$devkit_SMS_addSpriteClipping$   _sms_manager
     0000054B  A$_sms_manager$1773                _sms_manager
     0000054B  C$_sms_manager.c$287$1_0$213       _sms_manager
     0000054B  C$_sms_manager.c$289$1_0$213       _sms_manager
     0000054B  C$_sms_manager.c$290$1_0$213       _sms_manager
     0000054B  G$devkit_SMS_finalizeSprites$0$0   _sms_manager
     0000054B  XG$devkit_SMS_finalizeSprites$0$   _sms_manager
     0000054B  _devkit_SMS_finalizeSprites        _sms_manager
     0000054E  A$_sms_manager$1793                _sms_manager
     0000054E  C$_sms_manager.c$291$1_0$214       _sms_manager
     0000054E  C$_sms_manager.c$293$1_0$214       _sms_manager
     0000054E  C$_sms_manager.c$294$1_0$214       _sms_manager
     0000054E  G$devkit_SMS_copySpritestoSAT$0$   _sms_manager
     0000054E  XG$devkit_SMS_copySpritestoSAT$0   _sms_manager
     0000054E  _devkit_SMS_copySpritestoSAT       _sms_manager
     00000551  A$_sms_manager$1806                _sms_manager
     00000551  C$_sms_manager.c$304$1_0$216       _sms_manager
     00000551  C$_sms_manager.c$306$1_0$216       _sms_manager
     00000551  G$devkit_SMS_setBGPaletteColor$0   _sms_manager
     00000551  _devkit_SMS_setBGPaletteColor      _sms_manager
     00000555  A$_sms_manager$1807                _sms_manager
     00000557  A$_sms_manager$1808                _sms_manager
     0000055A  A$_sms_manager$1809                _sms_manager
     0000055D  A$_sms_manager$1810                _sms_manager
     0000055E  A$_sms_manager$1811                _sms_manager
     00000561  A$_sms_manager$1812                _sms_manager
     00000562  A$_sms_manager$1820                _sms_manager
     00000562  C$_sms_manager.c$307$1_0$216       _sms_manager
     00000562  XG$devkit_SMS_setBGPaletteColor$   _sms_manager
     00000563  A$_sms_manager$1833                _sms_manager
     00000563  C$_sms_manager.c$308$1_0$218       _sms_manager
     00000563  C$_sms_manager.c$310$1_0$218       _sms_manager
     00000563  G$devkit_SMS_setSpritePaletteCol   _sms_manager
     00000563  _devkit_SMS_setSpritePaletteColo   _sms_manager
     00000567  A$_sms_manager$1834                _sms_manager
     00000569  A$_sms_manager$1835                _sms_manager
     0000056C  A$_sms_manager$1836                _sms_manager
     0000056F  A$_sms_manager$1837                _sms_manager
     00000570  A$_sms_manager$1838                _sms_manager
     00000573  A$_sms_manager$1839                _sms_manager
     00000574  A$_sms_manager$1847                _sms_manager
     00000574  C$_sms_manager.c$311$1_0$218       _sms_manager
ASxxxx Linker V03.00 + NoICE + sdld,  page 19.
Hexadecimal  [32-Bits]

Area                                    Addr        Size        Decimal Bytes (Attributes)
--------------------------------        ----        ----        ------- ----- ------------
_CODE                               00000200    00001A6F =        6767. bytes (REL,CON)

      Value  Global                              Global Defined In Module
      -----  --------------------------------   ------------------------
     00000574  XG$devkit_SMS_setSpritePaletteCo   _sms_manager
     00000575  A$_sms_manager$1860                _sms_manager
     00000575  C$_sms_manager.c$312$1_0$220       _sms_manager
     00000575  C$_sms_manager.c$314$1_0$220       _sms_manager
     00000575  G$devkit_SMS_loadBGPalette$0$0     _sms_manager
     00000575  _devkit_SMS_loadBGPalette          _sms_manager
     00000579  A$_sms_manager$1861                _sms_manager
     0000057B  A$_sms_manager$1862                _sms_manager
     0000057E  A$_sms_manager$1863                _sms_manager
     00000581  A$_sms_manager$1871                _sms_manager
     00000581  C$_sms_manager.c$315$1_0$220       _sms_manager
     00000581  XG$devkit_SMS_loadBGPalette$0$0    _sms_manager
     00000584  A$_sms_manager$1884                _sms_manager
     00000584  C$_sms_manager.c$316$1_0$222       _sms_manager
     00000584  C$_sms_manager.c$318$1_0$222       _sms_manager
     00000584  G$devkit_SMS_loadSpritePalette$0   _sms_manager
     00000584  _devkit_SMS_loadSpritePalette      _sms_manager
     00000588  A$_sms_manager$1885                _sms_manager
     0000058A  A$_sms_manager$1886                _sms_manager
     0000058D  A$_sms_manager$1887                _sms_manager
     00000590  A$_sms_manager$1895                _sms_manager
     00000590  C$_sms_manager.c$319$1_0$222       _sms_manager
     00000590  XG$devkit_SMS_loadSpritePalette$   _sms_manager
     00000593  A$_sms_manager$1908                _sms_manager
     00000593  C$_sms_manager.c$320$1_0$224       _sms_manager
     00000593  C$_sms_manager.c$322$1_0$224       _sms_manager
     00000593  G$devkit_SMS_setNextBGColoratInd   _sms_manager
     00000593  _devkit_SMS_setNextBGColoratInde   _sms_manager
     00000597  A$_sms_manager$1909                _sms_manager
     00000599  A$_sms_manager$1910                _sms_manager
     0000059C  A$_sms_manager$1911                _sms_manager
     0000059D  A$_sms_manager$1912                _sms_manager
     0000059F  A$_sms_manager$1913                _sms_manager
     000005A0  A$_sms_manager$1921                _sms_manager
     000005A0  C$_sms_manager.c$323$1_0$224       _sms_manager
     000005A0  XG$devkit_SMS_setNextBGColoratIn   _sms_manager
     000005A3  A$_sms_manager$1934                _sms_manager
     000005A3  C$_sms_manager.c$324$1_0$226       _sms_manager
     000005A3  C$_sms_manager.c$326$1_0$226       _sms_manager
     000005A3  G$devkit_SMS_setNextSpriteColora   _sms_manager
     000005A3  _devkit_SMS_setNextSpriteColorat   _sms_manager
     000005A7  A$_sms_manager$1935                _sms_manager
     000005A9  A$_sms_manager$1936                _sms_manager
     000005AC  A$_sms_manager$1937                _sms_manager
     000005AD  A$_sms_manager$1938                _sms_manager
     000005AF  A$_sms_manager$1939                _sms_manager
     000005B1  A$_sms_manager$1940                _sms_manager
     000005B2  A$_sms_manager$1948                _sms_manager
     000005B2  C$_sms_manager.c$327$1_0$226       _sms_manager
     000005B2  XG$devkit_SMS_setNextSpriteColor   _sms_manager
     000005B5  A$_sms_manager$1961                _sms_manager
ASxxxx Linker V03.00 + NoICE + sdld,  page 20.
Hexadecimal  [32-Bits]

Area                                    Addr        Size        Decimal Bytes (Attributes)
--------------------------------        ----        ----        ------- ----- ------------
_CODE                               00000200    00001A6F =        6767. bytes (REL,CON)

      Value  Global                              Global Defined In Module
      -----  --------------------------------   ------------------------
     000005B5  C$_sms_manager.c$328$1_0$228       _sms_manager
     000005B5  C$_sms_manager.c$330$1_0$228       _sms_manager
     000005B5  G$devkit_SMS_setColor$0$0          _sms_manager
     000005B5  _devkit_SMS_setColor               _sms_manager
     000005B9  A$_sms_manager$1962                _sms_manager
     000005BB  A$_sms_manager$1963                _sms_manager
     000005BE  A$_sms_manager$1971                _sms_manager
     000005BE  C$_sms_manager.c$331$1_0$228       _sms_manager
     000005BE  XG$devkit_SMS_setColor$0$0         _sms_manager
     000005C1  A$_sms_manager$1984                _sms_manager
     000005C1  C$_sms_manager.c$334$1_0$230       _sms_manager
     000005C1  C$_sms_manager.c$336$1_0$230       _sms_manager
     000005C1  G$devkit_RGB$0$0                   _sms_manager
     000005C1  _devkit_RGB                        _sms_manager
     000005C5  A$_sms_manager$1985                _sms_manager
     000005C7  A$_sms_manager$1986                _sms_manager
     000005CA  A$_sms_manager$1987                _sms_manager
     000005CB  A$_sms_manager$1988                _sms_manager
     000005CC  A$_sms_manager$1989                _sms_manager
     000005CE  A$_sms_manager$1990                _sms_manager
     000005D1  A$_sms_manager$1991                _sms_manager
     000005D2  A$_sms_manager$1992                _sms_manager
     000005D5  A$_sms_manager$1993                _sms_manager
     000005D6  A$_sms_manager$1994                _sms_manager
     000005D7  A$_sms_manager$1995                _sms_manager
     000005D8  A$_sms_manager$1996                _sms_manager
     000005D9  A$_sms_manager$1997                _sms_manager
     000005DA  A$_sms_manager$1998                _sms_manager
     000005DB  A$_sms_manager$2006                _sms_manager
     000005DB  C$_sms_manager.c$337$1_0$230       _sms_manager
     000005DB  XG$devkit_RGB$0$0                  _sms_manager
     000005DC  A$_sms_manager$2019                _sms_manager
     000005DC  C$_sms_manager.c$338$1_0$232       _sms_manager
     000005DC  C$_sms_manager.c$340$1_0$232       _sms_manager
     000005DC  G$devkit_RGB8$0$0                  _sms_manager
     000005DC  _devkit_RGB8                       _sms_manager
     000005E0  A$_sms_manager$2020                _sms_manager
     000005E2  A$_sms_manager$2021                _sms_manager
     000005E5  A$_sms_manager$2022                _sms_manager
     000005E6  A$_sms_manager$2023                _sms_manager
     000005E7  A$_sms_manager$2024                _sms_manager
     000005E9  A$_sms_manager$2025                _sms_manager
     000005EA  A$_sms_manager$2026                _sms_manager
     000005ED  A$_sms_manager$2027                _sms_manager
     000005EF  A$_sms_manager$2028                _sms_manager
     000005F0  A$_sms_manager$2029                _sms_manager
     000005F1  A$_sms_manager$2030                _sms_manager
     000005F3  A$_sms_manager$2031                _sms_manager
     000005F4  A$_sms_manager$2032                _sms_manager
     000005F5  A$_sms_manager$2033                _sms_manager
     000005F6  A$_sms_manager$2034                _sms_manager
ASxxxx Linker V03.00 + NoICE + sdld,  page 21.
Hexadecimal  [32-Bits]

Area                                    Addr        Size        Decimal Bytes (Attributes)
--------------------------------        ----        ----        ------- ----- ------------
_CODE                               00000200    00001A6F =        6767. bytes (REL,CON)

      Value  Global                              Global Defined In Module
      -----  --------------------------------   ------------------------
     000005F7  A$_sms_manager$2035                _sms_manager
     000005FA  A$_sms_manager$2036                _sms_manager
     000005FB  A$_sms_manager$2037                _sms_manager
     000005FC  A$_sms_manager$2038                _sms_manager
     000005FE  A$_sms_manager$2039                _sms_manager
     000005FF  A$_sms_manager$2040                _sms_manager
     00000600  A$_sms_manager$2041                _sms_manager
     00000601  A$_sms_manager$2042                _sms_manager
     00000602  A$_sms_manager$2043                _sms_manager
     00000603  A$_sms_manager$2044                _sms_manager
     00000604  A$_sms_manager$2052                _sms_manager
     00000604  C$_sms_manager.c$341$1_0$232       _sms_manager
     00000604  XG$devkit_RGB8$0$0                 _sms_manager
     00000605  A$_sms_manager$2065                _sms_manager
     00000605  C$_sms_manager.c$347$1_0$234       _sms_manager
     00000605  C$_sms_manager.c$349$1_0$234       _sms_manager
     00000605  G$devkit_SMS_loadBGPaletteHalfBr   _sms_manager
     00000605  _devkit_SMS_loadBGPaletteHalfBri   _sms_manager
     00000609  A$_sms_manager$2066                _sms_manager
     0000060B  A$_sms_manager$2067                _sms_manager
     0000060E  A$_sms_manager$2068                _sms_manager
     00000611  A$_sms_manager$2076                _sms_manager
     00000611  C$_sms_manager.c$350$1_0$234       _sms_manager
     00000611  XG$devkit_SMS_loadBGPaletteHalfB   _sms_manager
     00000614  A$_sms_manager$2089                _sms_manager
     00000614  C$_sms_manager.c$351$1_0$236       _sms_manager
     00000614  C$_sms_manager.c$353$1_0$236       _sms_manager
     00000614  G$devkit_SMS_loadSpritePaletteHa   _sms_manager
     00000614  _devkit_SMS_loadSpritePaletteHal   _sms_manager
     00000618  A$_sms_manager$2090                _sms_manager
     0000061A  A$_sms_manager$2091                _sms_manager
     0000061D  A$_sms_manager$2092                _sms_manager
     00000620  A$_sms_manager$2100                _sms_manager
     00000620  C$_sms_manager.c$354$1_0$236       _sms_manager
     00000620  XG$devkit_SMS_loadSpritePaletteH   _sms_manager
     00000623  A$_sms_manager$2120                _sms_manager
     00000623  C$_sms_manager.c$355$1_0$238       _sms_manager
     00000623  C$_sms_manager.c$357$1_0$238       _sms_manager
     00000623  C$_sms_manager.c$358$1_0$238       _sms_manager
     00000623  G$devkit_SMS_zeroBGPalette$0$0     _sms_manager
     00000623  XG$devkit_SMS_zeroBGPalette$0$0    _sms_manager
     00000623  _devkit_SMS_zeroBGPalette          _sms_manager
     00000626  A$_sms_manager$2140                _sms_manager
     00000626  C$_sms_manager.c$359$1_0$240       _sms_manager
     00000626  C$_sms_manager.c$361$1_0$240       _sms_manager
     00000626  C$_sms_manager.c$362$1_0$240       _sms_manager
     00000626  G$devkit_SMS_zeroSpritePalette$0   _sms_manager
     00000626  XG$devkit_SMS_zeroSpritePalette$   _sms_manager
     00000626  _devkit_SMS_zeroSpritePalette      _sms_manager
     00000629  A$_sms_manager$2160                _sms_manager
     00000629  C$_sms_manager.c$365$1_0$241       _sms_manager
ASxxxx Linker V03.00 + NoICE + sdld,  page 22.
Hexadecimal  [32-Bits]

Area                                    Addr        Size        Decimal Bytes (Attributes)
--------------------------------        ----        ----        ------- ----- ------------
_CODE                               00000200    00001A6F =        6767. bytes (REL,CON)

      Value  Global                              Global Defined In Module
      -----  --------------------------------   ------------------------
     00000629  C$_sms_manager.c$367$1_0$241       _sms_manager
     00000629  C$_sms_manager.c$368$1_0$241       _sms_manager
     00000629  G$devkit_SMS_getKeysStatus$0$0     _sms_manager
     00000629  XG$devkit_SMS_getKeysStatus$0$0    _sms_manager
     00000629  _devkit_SMS_getKeysStatus          _sms_manager
     0000062C  A$_sms_manager$2180                _sms_manager
     0000062C  C$_sms_manager.c$369$1_0$242       _sms_manager
     0000062C  C$_sms_manager.c$371$1_0$242       _sms_manager
     0000062C  C$_sms_manager.c$372$1_0$242       _sms_manager
     0000062C  G$devkit_SMS_getKeysPressed$0$0    _sms_manager
     0000062C  XG$devkit_SMS_getKeysPressed$0$0   _sms_manager
     0000062C  _devkit_SMS_getKeysPressed         _sms_manager
     0000062F  A$_sms_manager$2200                _sms_manager
     0000062F  C$_sms_manager.c$373$1_0$243       _sms_manager
     0000062F  C$_sms_manager.c$375$1_0$243       _sms_manager
     0000062F  C$_sms_manager.c$376$1_0$243       _sms_manager
     0000062F  G$devkit_SMS_getKeysHeld$0$0       _sms_manager
     0000062F  XG$devkit_SMS_getKeysHeld$0$0      _sms_manager
     0000062F  _devkit_SMS_getKeysHeld            _sms_manager
     00000632  A$_sms_manager$2220                _sms_manager
     00000632  C$_sms_manager.c$377$1_0$244       _sms_manager
     00000632  C$_sms_manager.c$379$1_0$244       _sms_manager
     00000632  C$_sms_manager.c$380$1_0$244       _sms_manager
     00000632  G$devkit_SMS_getKeysReleased$0$0   _sms_manager
     00000632  XG$devkit_SMS_getKeysReleased$0$   _sms_manager
     00000632  _devkit_SMS_getKeysReleased        _sms_manager
     00000635  A$_sms_manager$2233                _sms_manager
     00000635  C$_sms_manager.c$383$1_0$245       _sms_manager
     00000635  C$_sms_manager.c$385$1_0$245       _sms_manager
     00000635  G$devkit_PORT_A_KEY_UP$0$0         _sms_manager
     00000635  _devkit_PORT_A_KEY_UP              _sms_manager
     00000638  A$_sms_manager$2241                _sms_manager
     00000638  C$_sms_manager.c$386$1_0$245       _sms_manager
     00000638  XG$devkit_PORT_A_KEY_UP$0$0        _sms_manager
     00000639  A$_sms_manager$2254                _sms_manager
     00000639  C$_sms_manager.c$387$1_0$246       _sms_manager
     00000639  C$_sms_manager.c$389$1_0$246       _sms_manager
     00000639  G$devkit_PORT_A_KEY_DOWN$0$0       _sms_manager
     00000639  _devkit_PORT_A_KEY_DOWN            _sms_manager
     0000063C  A$_sms_manager$2262                _sms_manager
     0000063C  C$_sms_manager.c$390$1_0$246       _sms_manager
     0000063C  XG$devkit_PORT_A_KEY_DOWN$0$0      _sms_manager
     0000063D  A$_sms_manager$2275                _sms_manager
     0000063D  C$_sms_manager.c$391$1_0$247       _sms_manager
     0000063D  C$_sms_manager.c$393$1_0$247       _sms_manager
     0000063D  G$devkit_PORT_A_KEY_LEFT$0$0       _sms_manager
     0000063D  _devkit_PORT_A_KEY_LEFT            _sms_manager
     00000640  A$_sms_manager$2283                _sms_manager
     00000640  C$_sms_manager.c$394$1_0$247       _sms_manager
     00000640  XG$devkit_PORT_A_KEY_LEFT$0$0      _sms_manager
     00000641  A$_sms_manager$2296                _sms_manager
ASxxxx Linker V03.00 + NoICE + sdld,  page 23.
Hexadecimal  [32-Bits]

Area                                    Addr        Size        Decimal Bytes (Attributes)
--------------------------------        ----        ----        ------- ----- ------------
_CODE                               00000200    00001A6F =        6767. bytes (REL,CON)

      Value  Global                              Global Defined In Module
      -----  --------------------------------   ------------------------
     00000641  C$_sms_manager.c$395$1_0$248       _sms_manager
     00000641  C$_sms_manager.c$397$1_0$248       _sms_manager
     00000641  G$devkit_PORT_A_KEY_RIGHT$0$0      _sms_manager
     00000641  _devkit_PORT_A_KEY_RIGHT           _sms_manager
     00000644  A$_sms_manager$2304                _sms_manager
     00000644  C$_sms_manager.c$398$1_0$248       _sms_manager
     00000644  XG$devkit_PORT_A_KEY_RIGHT$0$0     _sms_manager
     00000645  A$_sms_manager$2317                _sms_manager
     00000645  C$_sms_manager.c$399$1_0$249       _sms_manager
     00000645  C$_sms_manager.c$401$1_0$249       _sms_manager
     00000645  G$devkit_PORT_A_KEY_1$0$0          _sms_manager
     00000645  _devkit_PORT_A_KEY_1               _sms_manager
     00000648  A$_sms_manager$2325                _sms_manager
     00000648  C$_sms_manager.c$402$1_0$249       _sms_manager
     00000648  XG$devkit_PORT_A_KEY_1$0$0         _sms_manager
     00000649  A$_sms_manager$2338                _sms_manager
     00000649  C$_sms_manager.c$403$1_0$250       _sms_manager
     00000649  C$_sms_manager.c$405$1_0$250       _sms_manager
     00000649  G$devkit_PORT_A_KEY_2$0$0          _sms_manager
     00000649  _devkit_PORT_A_KEY_2               _sms_manager
     0000064C  A$_sms_manager$2346                _sms_manager
     0000064C  C$_sms_manager.c$406$1_0$250       _sms_manager
     0000064C  XG$devkit_PORT_A_KEY_2$0$0         _sms_manager
     0000064D  A$_sms_manager$2359                _sms_manager
     0000064D  C$_sms_manager.c$407$1_0$251       _sms_manager
     0000064D  C$_sms_manager.c$409$1_0$251       _sms_manager
     0000064D  G$devkit_PORT_A_KEY_START$0$0      _sms_manager
     0000064D  _devkit_PORT_A_KEY_START           _sms_manager
[...]
      -----  --------------------------------   ------------------------
     00000A53  A$content_manager$61               content_manager
     00000A53  C$content_manager.c$7$0_0$65       content_manager
     00000A53  C$content_manager.c$9$1_0$65       content_manager
     00000A53  G$engine_content_manager_load_sp   content_manager
     00000A53  _engine_content_manager_load_spr   content_manager
     00000A54  A$content_manager$62               content_manager
     00000A55  A$content_manager$63               content_manager
     00000A56  A$content_manager$64               content_manager
     00000A57  A$content_manager$65               content_manager
     00000A58  A$content_manager$66               content_manager
     00000A59  A$content_manager$67               content_manager
     00000A5A  A$content_manager$68               content_manager
     00000A5B  A$content_manager$69               content_manager
     00000A5C  A$content_manager$70               content_manager
     00000A5F  A$content_manager$71               content_manager
     00000A60  A$content_manager$72               content_manager
     00000A61  A$content_manager$73               content_manager
     00000A62  A$content_manager$74               content_manager
     00000A63  A$content_manager$75               content_manager
     00000A64  A$content_manager$76               content_manager
     00000A65  A$content_manager$77               content_manager
     00000A66  A$content_manager$78               content_manager
     00000A67  A$content_manager$79               content_manager
     00000A6A  A$content_manager$80               content_manager
     00000A6B  A$content_manager$88               content_manager
     00000A6B  C$content_manager.c$10$1_0$65      content_manager
     00000A6B  XG$engine_content_manager_load_s   content_manager
     00000A6C  A$content_manager$101              content_manager
     00000A6C  C$content_manager.c$12$1_0$66      content_manager
     00000A6C  C$content_manager.c$14$1_0$66      content_manager
     00000A6C  G$engine_content_manager_load_sp   content_manager
     00000A6C  _engine_content_manager_load_spl   content_manager
     00000A6F  A$content_manager$102              content_manager
     00000A70  A$content_manager$103              content_manager
     00000A73  A$content_manager$104              content_manager
     00000A74  A$content_manager$105              content_manager
     00000A77  A$content_manager$106              content_manager
     00000A78  A$content_manager$110              content_manager
     00000A78  C$content_manager.c$15$1_0$66      content_manager
     00000A7B  A$content_manager$111              content_manager
     00000A7C  A$content_manager$112              content_manager
     00000A7D  A$content_manager$113              content_manager
     00000A7E  A$content_manager$114              content_manager
     00000A7F  A$content_manager$115              content_manager
     00000A80  A$content_manager$116              content_manager
     00000A81  A$content_manager$117              content_manager
     00000A82  A$content_manager$118              content_manager
     00000A85  A$content_manager$119              content_manager
     00000A86  A$content_manager$123              content_manager
     00000A86  C$content_manager.c$16$1_0$66      content_manager
     00000A89  A$content_manager$124              content_manager
ASxxxx Linker V03.00 + NoICE + sdld,  page 41.
Hexadecimal  [32-Bits]

Area                                    Addr        Size        Decimal Bytes (Attributes)
--------------------------------        ----        ----        ------- ----- ------------
_CODE                               00000200    00001A6F =        6767. bytes (REL,CON)

      Value  Global                              Global Defined In Module
      -----  --------------------------------   ------------------------
     00000A8A  A$content_manager$125              content_manager
     00000A8D  A$content_manager$126              content_manager
     00000A8E  A$content_manager$134              content_manager
     00000A8E  C$content_manager.c$17$1_0$66      content_manager
     00000A8E  XG$engine_content_manager_load_s   content_manager
     00000A8F  G$splash__palette__bin$0$0         gfx
     00000A8F  _splash__palette__bin              gfx
     00000A9F  G$splash__tilemap__stmcompr$0$0    gfx
     00000A9F  _splash__tilemap__stmcompr         gfx
     00000AE6  G$splash__tiles__psgcompr$0$0      gfx
     00000AE6  _splash__tiles__psgcompr           gfx
     0000130F  _SMS_reserveSprite                 SMSlib_spriteAdv
     00001330  _SMS_updateSpritePosition          SMSlib_spriteAdv
     00001372  _SMS_updateSpriteImage             SMSlib_spriteAdv
     0000138C  _SMS_hideSprite                    SMSlib_spriteAdv
     0000139B  _UNSAFE_SMS_copySpritestoSAT       SMSlib_UNSAFE
     000013B3  _UNSAFE_SMS_VRAMmemcpy32           SMSlib_UNSAFE
     000013D0  _UNSAFE_SMS_VRAMmemcpy64           SMSlib_UNSAFE
     000013ED  _UNSAFE_SMS_VRAMmemcpy128          SMSlib_UNSAFE
     0000140A  _SMS_init                          SMSlib
     0000145E  _VDPReg_init                       SMSlib
     00001469  _SMS_VDPType                       SMSlib
     00001471  _SMS_VDPturnOnFeature              SMSlib
     00001488  _SMS_VDPturnOffFeature             SMSlib
     000014A1  _SMS_setBGScrollX                  SMSlib
     000014AB  _SMS_setBGScrollY                  SMSlib
     000014B5  _SMS_setBackdropColor              SMSlib
     000014BF  _SMS_useFirstHalfTilesforSprites   SMSlib
     000014D3  _SMS_setSpriteMode                 SMSlib
     00001518  _SMS_setBGPaletteColor             SMSlib
     0000152C  _SMS_setSpritePaletteColor         SMSlib
     00001540  _SMS_loadBGPalette                 SMSlib
     00001554  _SMS_loadSpritePalette             SMSlib
     00001568  _SMS_setColor                      SMSlib
     0000156C  _SMS_initSprites                   SMSlib
     00001572  _SMS_addSprite                     SMSlib
     000015C7  _SMS_finalizeSprites               SMSlib
     000015D9  _SMS_copySpritestoSAT              SMSlib
     00001602  _SMS_waitForVBlank                 SMSlib
     0000160F  _SMS_getKeysStatus                 SMSlib
     00001613  _SMS_getKeysPressed                SMSlib
     00001630  _SMS_getKeysHeld                   SMSlib
     00001647  _SMS_getKeysReleased               SMSlib
     00001664  _SMS_queryPauseRequested           SMSlib
     0000166C  _SMS_resetPauseRequest             SMSlib
     00001672  _SMS_setLineInterruptHandler       SMSlib
     00001683  _SMS_setLineCounter                SMSlib
     00001692  _SMS_getVCount                     SMSlib
     00001696  _SMS_getHCount                     SMSlib
     0000169A  _SMS_isr                           SMSlib
     000016D0  _SMS_nmi_isr                       SMSlib
ASxxxx Linker V03.00 + NoICE + sdld,  page 42.
Hexadecimal  [32-Bits]

Area                                    Addr        Size        Decimal Bytes (Attributes)
--------------------------------        ----        ----        ------- ----- ------------
_CODE                               00000200    00001A6F =        6767. bytes (REL,CON)

      Value  Global                              Global Defined In Module
      -----  --------------------------------   ------------------------
     000016E3  _SMS_setClippingWindow             SMSlib_spriteClip
     00001704  _SMS_addSpriteClipping             SMSlib_spriteClip
     000017CC  _SMS_VRAMmemset                    SMSlib_VRAMmemset
     000017F1  _SMS_VRAMmemsetW                   SMSlib_VRAMmemset
     00001821  _SMS_loadBGPaletteHalfBrightness   SMSlib_paletteAdv
     00001838  _SMS_zeroBGPalette                 SMSlib_paletteAdv
     0000184C  _SMS_loadSpritePaletteHalfBright   SMSlib_paletteAdv
     00001863  _SMS_zeroSpritePalette             SMSlib_paletteAdv
     00001877  _SMS_loadTiles                     SMSlib_loadTiles
     000018A8  _SMS_VRAMmemcpy                    SMSlib_VRAMmemcpy
     000018D5  _SMS_VRAMmemcpy_brief              SMSlib_VRAMmemcpy
     000018FD  _SMS_loadSTMcompressedTileMapAre   SMSlib_STMcomp
     00001ADE  ___sdcc_call_hl                    
     00001ADF  _SMS_loadPSGaidencompressedTiles   SMSlib_PSGaiden
     00001BC1  _SMS_loadTileMapArea               SMSlib_loadTileMapArea
     00001C36  _SMS_loadTileMap                   SMSlib_loadTileMap
ASxxxx Linker V03.00 + NoICE + sdld,  page 43.
Hexadecimal  [32-Bits]

Area                                    Addr        Size        Decimal Bytes (Attributes)
--------------------------------        ----        ----        ------- ----- ------------
_HEADER0                            00000000    00000006 =           6. bytes (ABS,CON)

      Value  Global                              Global Defined In Module
      -----  --------------------------------   ------------------------
     00000006  _SMS_crt0_RST08                    crt0

ASxxxx Linker V03.00 + NoICE + sdld,  page 44.
Hexadecimal  [32-Bits]

Area                                    Addr        Size        Decimal Bytes (Attributes)
--------------------------------        ----        ----        ------- ----- ------------
_HEADER1                            00000000    00000009 =           9. bytes (ABS,CON)

      Value  Global                              Global Defined In Module
      -----  --------------------------------   ------------------------
     00000011  _SMS_crt0_RST18                    crt0

ASxxxx Linker V03.00 + NoICE + sdld,  page 45.
Hexadecimal  [32-Bits]

Area                                    Addr        Size        Decimal Bytes (Attributes)
--------------------------------        ----        ----        ------- ----- ------------
_HEADER2                            00000000    0000000A =          10. bytes (ABS,CON)

      Value  Global                              Global Defined In Module
      -----  --------------------------------   ------------------------
ASxxxx Linker V03.00 + NoICE + sdld,  page 46.
Hexadecimal  [32-Bits]

Area                                    Addr        Size        Decimal Bytes (Attributes)
--------------------------------        ----        ----        ------- ----- ------------
_HEADER3                            00000000    00000003 =           3. bytes (ABS,CON)

      Value  Global                              Global Defined In Module
      -----  --------------------------------   ------------------------
ASxxxx Linker V03.00 + NoICE + sdld,  page 47.
Hexadecimal  [32-Bits]

Area                                    Addr        Size        Decimal Bytes (Attributes)
--------------------------------        ----        ----        ------- ----- ------------
_HEADER4                            00000000    00000003 =           3. bytes (ABS,CON)

      Value  Global                              Global Defined In Module
      -----  --------------------------------   ------------------------
ASxxxx Linker V03.00 + NoICE + sdld,  page 48.
Hexadecimal  [32-Bits]

Area                                    Addr        Size        Decimal Bytes (Attributes)
--------------------------------        ----        ----        ------- ----- ------------
_HEADER5                            00000000    0000012A =         298. bytes (ABS,CON)

      Value  Global                              Global Defined In Module
      -----  --------------------------------   ------------------------
     00000099  _OUTI128                           crt0
     00000119  _OUTI64                            crt0
     00000159  _OUTI32                            crt0
     00000199  _outi_block                        crt0

ASxxxx Linker V03.00 + NoICE + sdld,  page 49.
Hexadecimal  [32-Bits]

Area                                    Addr        Size        Decimal Bytes (Attributes)
--------------------------------        ----        ----        ------- ----- ------------
_INITIALIZER                        00001C6F    00000008 =           8. bytes (REL,CON)

      Value  Global                              Global Defined In Module
      -----  --------------------------------   ------------------------
ASxxxx Linker V03.00 + NoICE + sdld,  page 50.
Hexadecimal  [32-Bits]

Area                                    Addr        Size        Decimal Bytes (Attributes)
--------------------------------        ----        ----        ------- ----- ------------
_GSINIT                             00001C77    0000000F =          15. bytes (REL,CON)

      Value  Global                              Global Defined In Module
      -----  --------------------------------   ------------------------
     00001C77  gsinit                             crt0

ASxxxx Linker V03.00 + NoICE + sdld,  page 51.
Hexadecimal  [32-Bits]

Area                                    Addr        Size        Decimal Bytes (Attributes)
--------------------------------        ----        ----        ------- ----- ------------
_GSFINAL                            00001C86    00000001 =           1. bytes (REL,CON)

      Value  Global                              Global Defined In Module
      -----  --------------------------------   ------------------------
ASxxxx Linker V03.00 + NoICE + sdld,  page 52.
Hexadecimal  [32-Bits]

Area                                    Addr        Size        Decimal Bytes (Attributes)
--------------------------------        ----        ----        ------- ----- ------------
_DATA                               0000C000    000000EB =         235. bytes (REL,CON)

      Value  Global                              Global Defined In Module
      -----  --------------------------------   ------------------------
     0000C000  _VDPBlank                          SMSlib
     0000C001  _SMS_VDPFlags                      SMSlib
     0000C002  _PauseRequested                    SMSlib
     0000C003  _VDPType                           SMSlib
     0000C004  _KeysStatus                        SMSlib
     0000C006  _PreviousKeysStatus                SMSlib
     0000C008  _SpriteTableY                      SMSlib
     0000C048  _SpriteTableXN                     SMSlib
     0000C0C8  _SpriteNextFree                    SMSlib
     0000C0C9  _SMS_theLineInterruptHandler       SMSlib
     0000C0CB  _decompBuffer                      SMSlib_PSGaiden

ASxxxx Linker V03.00 + NoICE + sdld,  page 53.
Hexadecimal  [32-Bits]

Area                                    Addr        Size        Decimal Bytes (Attributes)
--------------------------------        ----        ----        ------- ----- ------------
_INITIALIZED                        0000C0EB    00000008 =           8. bytes (REL,CON)

      Value  Global                              Global Defined In Module
      -----  --------------------------------   ------------------------
     0000C0EB  _VDPReg                            SMSlib
     0000C0ED  _spritesHeight                     SMSlib
     0000C0EE  _spritesWidth                      SMSlib
     0000C0EF  _clipWin_x0                        SMSlib_spriteClip
     0000C0F0  _clipWin_y0                        SMSlib_spriteClip
     0000C0F1  _clipWin_x1                        SMSlib_spriteClip
     0000C0F2  _clipWin_y1                        SMSlib_spriteClip

ASxxxx Linker V03.00 + NoICE + sdld,  page 54.
Hexadecimal  [32-Bits]

Area                                    Addr        Size        Decimal Bytes (Attributes)
--------------------------------        ----        ----        ------- ----- ------------
_CABS0                              00000000    00000010 =          16. bytes (ABS,CON)

      Value  Global                              Global Defined In Module
      -----  --------------------------------   ------------------------
     00007FF0  G$__SMS__SEGA_signature$0_0$0      _sms_manager
     00007FF0  ___SMS__SEGA_signature             _sms_manager

ASxxxx Linker V03.00 + NoICE + sdld,  page 55.
Hexadecimal  [32-Bits]

Area                                    Addr        Size        Decimal Bytes (Attributes)
--------------------------------        ----        ----        ------- ----- ------------
_CABS1                              00000000    0000000E =          14. bytes (ABS,CON)

      Value  Global                              Global Defined In Module
      -----  --------------------------------   ------------------------
     00007FD2  G$__SMS__SDSC_author$0_0$0         _sms_manager
     00007FD2  ___SMS__SDSC_author                _sms_manager

ASxxxx Linker V03.00 + NoICE + sdld,  page 56.
Hexadecimal  [32-Bits]

Area                                    Addr        Size        Decimal Bytes (Attributes)
--------------------------------        ----        ----        ------- ----- ------------
_CABS2                              00000000    00000012 =          18. bytes (ABS,CON)

      Value  Global                              Global Defined In Module
      -----  --------------------------------   ------------------------
     00007FC0  G$__SMS__SDSC_name$0_0$0           _sms_manager
     00007FC0  ___SMS__SDSC_name                  _sms_manager

ASxxxx Linker V03.00 + NoICE + sdld,  page 57.
Hexadecimal  [32-Bits]

Area                                    Addr        Size        Decimal Bytes (Attributes)
--------------------------------        ----        ----        ------- ----- ------------
_CABS3                              00000000    00000038 =          56. bytes (ABS,CON)

      Value  Global                              Global Defined In Module
      -----  --------------------------------   ------------------------
     00007F88  G$__SMS__SDSC_descr$0_0$0          _sms_manager
     00007F88  ___SMS__SDSC_descr                 _sms_manager

ASxxxx Linker V03.00 + NoICE + sdld,  page 58.
Hexadecimal  [32-Bits]

Area                                    Addr        Size        Decimal Bytes (Attributes)
--------------------------------        ----        ----        ------- ----- ------------
_CABS4                              00000000    00000010 =          16. bytes (ABS,CON)

      Value  Global                              Global Defined In Module
      -----  --------------------------------   ------------------------
     00007FE0  G$__SMS__SDSC_signature$0_0$0      _sms_manager
     00007FE0  ___SMS__SDSC_signature             _sms_manager

ASxxxx Linker V03.00 + NoICE + sdld,  page 59.

Files Linked                              [ module(s) ]

../crt0/crt0_sms.rel                      [ crt0 ]
main.rel                                  [ main ]
devkit/_sms_manager.rel                   [ _sms_manager ]
engine/asm_manager.rel                    [ asm_manager ]
engine/content_manager.rel                [ content_manager ]
content/gfx.rel                           [ gfx ]


Libraries Linked                          [ object file ]

../lib/SMSlib.lib                         [ SMSlib_spriteAdv.rel ]
../lib/SMSlib.lib                         [ SMSlib_UNSAFE.rel ]
../lib/SMSlib.lib                         [ SMSlib.rel ]
../lib/SMSlib.lib                         [ SMSlib_spriteClip.rel ]
../lib/SMSlib.lib                         [ SMSlib_VRAMmemset.rel ]
../lib/SMSlib.lib                         [ SMSlib_paletteAdv.rel ]
../lib/SMSlib.lib                         [ SMSlib_loadTiles.rel ]
../lib/SMSlib.lib                         [ SMSlib_VRAMmemcpy.rel ]
../lib/SMSlib.lib                         [ SMSlib_STMcomp.rel ]
C:\Program Files\SDCC\bin\..\lib\z80/z80.lib
                                          [ __sdcc_call_hl.rel ]
../lib/SMSlib.lib                         [ SMSlib_PSGaiden.rel ]
../lib/SMSlib.lib                         [ SMSlib_loadTileMapArea.rel ]
../lib/SMSlib.lib                         [ SMSlib_loadTileMap.rel ]

ASxxxx Linker V03.00 + NoICE + sdld,  page 60.

User Base Address Definitions

_CODE = 0x0200
_DATA = 0xc000

