ASxxxx Linker V03.00 + NoICE + sdld,  page 1.
Hexadecimal  [32-Bits]

Area                                    Addr        Size        Decimal Bytes (Attributes)
--------------------------------        ----        ----        ------- ----- ------------
.  .ABS.                            00000000    00000000 =           0. bytes (ABS,CON)

      Value  Global                              Global Defined In Module
      -----  --------------------------------   ------------------------
     00000000  .__.ABS.                           SMSlib_autotext
     00000000  l__BSEG                         
     00000000  l__BSS                          
     00000000  l__CABS                         
     00000000  l__DABS                         
     00000000  l__HEADER                       
     00000000  l__HEAP                         
     00000000  l__HOME                         
     00000000  s__CABS                         
     00000000  s__CABS0                        
     00000000  s__CABS1                        
     00000000  s__CABS2                        
     00000000  s__CABS3                        
     00000000  s__CABS4                        
     00000000  s__DABS                         
     00000000  s__HEADER                       
     00000000  s__HEADER0                      
     00000000  s__HEADER1                      
     00000000  s__HEADER2                      
     00000000  s__HEADER3                      
     00000000  s__HEADER4                      
     00000001  l__GSFINAL                      
     00000007  l__INITIALIZED                  
     00000007  l__INITIALIZER                  
     00000008  l__HEADER0                      
     00000009  l__HEADER1                      
     0000000E  l__CABS1                        
     0000000F  l__GSINIT                       
     00000010  l__CABS0                        
     00000010  l__CABS4                        
     00000012  l__CABS2                        
     00000018  l__HEADER2                      
     0000002B  l__HEADER3                      
     00000038  l__CABS3                        
     000000BE  G$VDPDataPort$0_0$0                asm_manager
     000000BF  G$VDPControlPort$0_0$0             asm_manager
     000000F8  l__DATA                         
     00000104  l__HEADER4                      
     00000200  s__CODE                         
     00002164  l__CODE                         
     00002364  s__HOME                         
     00002364  s__INITIALIZER                  
     0000236B  s__GSINIT                       
     0000237A  s__GSFINAL                      
     00008000  G$SMS_SRAM$0_0$0                   _sms_manager
     00008000  _SMS_SRAM                          SMSlib_autotext
     0000C000  s__DATA                         
     0000C0F8  s__INITIALIZED                  
     0000C0FF  s__BSEG                         
     0000C0FF  s__BSS                          
ASxxxx Linker V03.00 + NoICE + sdld,  page 2.
Hexadecimal  [32-Bits]

Area                                    Addr        Size        Decimal Bytes (Attributes)
--------------------------------        ----        ----        ------- ----- ------------
.  .ABS.                            00000000    00000000 =           0. bytes (ABS,CON)

      Value  Global                              Global Defined In Module
      -----  --------------------------------   ------------------------
     0000C0FF  s__HEAP                         
     0000FFFC  G$SRAM_bank_to_be_mapped_on_slot   _sms_manager
     0000FFFC  _SRAM_bank_to_be_mapped_on_slot2   SMSlib_autotext
     0000FFFF  G$ROM_bank_to_be_mapped_on_slot2   _sms_manager
     0000FFFF  _ROM_bank_to_be_mapped_on_slot2    SMSlib_autotext

ASxxxx Linker V03.00 + NoICE + sdld,  page 3.
Hexadecimal  [32-Bits]

Area                                    Addr        Size        Decimal Bytes (Attributes)
--------------------------------        ----        ----        ------- ----- ------------
_CODE                               00000200    00002164 =        8548. bytes (REL,CON)

      Value  Global                              Global Defined In Module
      -----  --------------------------------   ------------------------
     00000200  A$main$62                          main
     00000200  C$main.c$3$0_0$109                 main
     00000200  C$main.c$5$1_0$109                 main
     00000200  G$main$0$0                         main
     00000200  _main                              main
     00000203  A$main$66                          main
     00000203  C$main.c$6$1_0$109                 main
     00000206  A$main$70                          main
     00000206  C$main.c$7$1_0$109                 main
     00000209  A$main$74                          main
     00000209  C$main.c$9$1_0$109                 main
     0000020C  A$main$78                          main
     0000020C  C$main.c$10$1_0$109                main
     0000020F  A$main$82                          main
     0000020F  C$main.c$12$1_0$109                main
     00000212  A$main$87                          main
     00000212  C$main.c$15$3_0$111                main
     00000215  A$main$95                          main
     00000215  C$main.c$17$2_0$109                main
     00000215  XG$main$0$0                        main
     00000217  A$_sms_manager$279                 _sms_manager
     00000217  C$_sms_manager.c$12$0_0$146        _sms_manager
     00000217  C$_sms_manager.c$14$1_0$146        _sms_manager
     00000217  C$_sms_manager.c$15$1_0$146        _sms_manager
     00000217  G$devkit_SMS_init$0$0              _sms_manager
     00000217  XG$devkit_SMS_init$0$0             _sms_manager
     00000217  _devkit_SMS_init                   _sms_manager
     0000021A  A$_sms_manager$292                 _sms_manager
     0000021A  C$_sms_manager.c$18$1_0$148        _sms_manager
     0000021A  C$_sms_manager.c$20$1_0$148        _sms_manager
     0000021A  G$devkit_SMS_VDPturnOnFeature$0$   _sms_manager
     0000021A  _devkit_SMS_VDPturnOnFeature       _sms_manager
     0000021E  A$_sms_manager$293                 _sms_manager
     00000220  A$_sms_manager$294                 _sms_manager
     00000223  A$_sms_manager$295                 _sms_manager
     00000226  A$_sms_manager$303                 _sms_manager
     00000226  C$_sms_manager.c$21$1_0$148        _sms_manager
     00000226  XG$devkit_SMS_VDPturnOnFeature$0   _sms_manager
     00000229  A$_sms_manager$316                 _sms_manager
     00000229  C$_sms_manager.c$22$1_0$150        _sms_manager
     00000229  C$_sms_manager.c$24$1_0$150        _sms_manager
     00000229  G$devkit_SMS_VDPturnOffFeature$0   _sms_manager
     00000229  _devkit_SMS_VDPturnOffFeature      _sms_manager
     0000022D  A$_sms_manager$317                 _sms_manager
     0000022F  A$_sms_manager$318                 _sms_manager
     00000232  A$_sms_manager$319                 _sms_manager
     00000235  A$_sms_manager$327                 _sms_manager
     00000235  C$_sms_manager.c$25$1_0$150        _sms_manager
     00000235  XG$devkit_SMS_VDPturnOffFeature$   _sms_manager
     00000238  A$_sms_manager$340                 _sms_manager
ASxxxx Linker V03.00 + NoICE + sdld,  page 4.
Hexadecimal  [32-Bits]

Area                                    Addr        Size        Decimal Bytes (Attributes)
--------------------------------        ----        ----        ------- ----- ------------
_CODE                               00000200    00002164 =        8548. bytes (REL,CON)

      Value  Global                              Global Defined In Module
      -----  --------------------------------   ------------------------
     00000238  C$_sms_manager.c$28$1_0$151        _sms_manager
     00000238  C$_sms_manager.c$30$1_0$151        _sms_manager
     00000238  G$devkit_VDPFEATURE_EXTRAHEIGHT$   _sms_manager
     00000238  _devkit_VDPFEATURE_EXTRAHEIGHT     _sms_manager
     0000023B  A$_sms_manager$348                 _sms_manager
     0000023B  C$_sms_manager.c$31$1_0$151        _sms_manager
     0000023B  XG$devkit_VDPFEATURE_EXTRAHEIGHT   _sms_manager
     0000023C  A$_sms_manager$361                 _sms_manager
     0000023C  C$_sms_manager.c$32$1_0$152        _sms_manager
     0000023C  C$_sms_manager.c$34$1_0$152        _sms_manager
     0000023C  G$devkit_VDPFEATURE_SHIFTSPRITES   _sms_manager
     0000023C  _devkit_VDPFEATURE_SHIFTSPRITES    _sms_manager
     0000023F  A$_sms_manager$369                 _sms_manager
     0000023F  C$_sms_manager.c$35$1_0$152        _sms_manager
     0000023F  XG$devkit_VDPFEATURE_SHIFTSPRITE   _sms_manager
     00000240  A$_sms_manager$382                 _sms_manager
     00000240  C$_sms_manager.c$36$1_0$153        _sms_manager
     00000240  C$_sms_manager.c$38$1_0$153        _sms_manager
     00000240  G$devkit_VDPFEATURE_HIDEFIRSTCOL   _sms_manager
     00000240  _devkit_VDPFEATURE_HIDEFIRSTCOL    _sms_manager
     00000243  A$_sms_manager$390                 _sms_manager
     00000243  C$_sms_manager.c$39$1_0$153        _sms_manager
     00000243  XG$devkit_VDPFEATURE_HIDEFIRSTCO   _sms_manager
     00000244  A$_sms_manager$403                 _sms_manager
     00000244  C$_sms_manager.c$40$1_0$154        _sms_manager
     00000244  C$_sms_manager.c$42$1_0$154        _sms_manager
     00000244  G$devkit_VDPFEATURE_LEFTCOLBLANK   _sms_manager
     00000244  _devkit_VDPFEATURE_LEFTCOLBLANK    _sms_manager
     00000247  A$_sms_manager$411                 _sms_manager
     00000247  C$_sms_manager.c$43$1_0$154        _sms_manager
     00000247  XG$devkit_VDPFEATURE_LEFTCOLBLAN   _sms_manager
     00000248  A$_sms_manager$424                 _sms_manager
     00000248  C$_sms_manager.c$44$1_0$155        _sms_manager
     00000248  C$_sms_manager.c$46$1_0$155        _sms_manager
     00000248  G$devkit_VDPFEATURE_LOCKHSCROLL$   _sms_manager
     00000248  _devkit_VDPFEATURE_LOCKHSCROLL     _sms_manager
     0000024B  A$_sms_manager$432                 _sms_manager
     0000024B  C$_sms_manager.c$47$1_0$155        _sms_manager
     0000024B  XG$devkit_VDPFEATURE_LOCKHSCROLL   _sms_manager
     0000024C  A$_sms_manager$445                 _sms_manager
     0000024C  C$_sms_manager.c$48$1_0$156        _sms_manager
     0000024C  C$_sms_manager.c$50$1_0$156        _sms_manager
     0000024C  G$devkit_VDPFEATURE_LOCKVSCROLL$   _sms_manager
     0000024C  _devkit_VDPFEATURE_LOCKVSCROLL     _sms_manager
     0000024F  A$_sms_manager$453                 _sms_manager
     0000024F  C$_sms_manager.c$51$1_0$156        _sms_manager
     0000024F  XG$devkit_VDPFEATURE_LOCKVSCROLL   _sms_manager
     00000250  A$_sms_manager$466                 _sms_manager
     00000250  C$_sms_manager.c$54$1_0$157        _sms_manager
     00000250  C$_sms_manager.c$56$1_0$157        _sms_manager
     00000250  G$devkit_VDPFEATURE_ZOOMSPRITES$   _sms_manager
ASxxxx Linker V03.00 + NoICE + sdld,  page 5.
Hexadecimal  [32-Bits]

Area                                    Addr        Size        Decimal Bytes (Attributes)
--------------------------------        ----        ----        ------- ----- ------------
_CODE                               00000200    00002164 =        8548. bytes (REL,CON)

      Value  Global                              Global Defined In Module
      -----  --------------------------------   ------------------------
     00000250  _devkit_VDPFEATURE_ZOOMSPRITES     _sms_manager
     00000253  A$_sms_manager$474                 _sms_manager
     00000253  C$_sms_manager.c$57$1_0$157        _sms_manager
     00000253  XG$devkit_VDPFEATURE_ZOOMSPRITES   _sms_manager
     00000254  A$_sms_manager$487                 _sms_manager
     00000254  C$_sms_manager.c$58$1_0$158        _sms_manager
     00000254  C$_sms_manager.c$60$1_0$158        _sms_manager
     00000254  G$devkit_VDPFEATURE_USETALLSPRIT   _sms_manager
     00000254  _devkit_VDPFEATURE_USETALLSPRITE   _sms_manager
     00000257  A$_sms_manager$495                 _sms_manager
     00000257  C$_sms_manager.c$61$1_0$158        _sms_manager
     00000257  XG$devkit_VDPFEATURE_USETALLSPRI   _sms_manager
     00000258  A$_sms_manager$508                 _sms_manager
     00000258  C$_sms_manager.c$62$1_0$159        _sms_manager
     00000258  C$_sms_manager.c$64$1_0$159        _sms_manager
     00000258  G$devkit_VDPFEATURE_240LINES$0$0   _sms_manager
     00000258  _devkit_VDPFEATURE_240LINES        _sms_manager
     0000025B  A$_sms_manager$516                 _sms_manager
     0000025B  C$_sms_manager.c$65$1_0$159        _sms_manager
     0000025B  XG$devkit_VDPFEATURE_240LINES$0$   _sms_manager
     0000025C  A$_sms_manager$529                 _sms_manager
     0000025C  C$_sms_manager.c$66$1_0$160        _sms_manager
     0000025C  C$_sms_manager.c$68$1_0$160        _sms_manager
     0000025C  G$devkit_VDPFEATURE_224LINES$0$0   _sms_manager
     0000025C  _devkit_VDPFEATURE_224LINES        _sms_manager
     0000025F  A$_sms_manager$537                 _sms_manager
     0000025F  C$_sms_manager.c$69$1_0$160        _sms_manager
     0000025F  XG$devkit_VDPFEATURE_224LINES$0$   _sms_manager
     00000260  A$_sms_manager$550                 _sms_manager
     00000260  C$_sms_manager.c$70$1_0$161        _sms_manager
     00000260  C$_sms_manager.c$72$1_0$161        _sms_manager
     00000260  G$devkit_VDPFEATURE_FRAMEIRQ$0$0   _sms_manager
     00000260  _devkit_VDPFEATURE_FRAMEIRQ        _sms_manager
     00000263  A$_sms_manager$558                 _sms_manager
     00000263  C$_sms_manager.c$73$1_0$161        _sms_manager
     00000263  XG$devkit_VDPFEATURE_FRAMEIRQ$0$   _sms_manager
     00000264  A$_sms_manager$571                 _sms_manager
     00000264  C$_sms_manager.c$74$1_0$162        _sms_manager
     00000264  C$_sms_manager.c$76$1_0$162        _sms_manager
     00000264  G$devkit_VDPFEATURE_SHOWDISPLAY$   _sms_manager
     00000264  _devkit_VDPFEATURE_SHOWDISPLAY     _sms_manager
     00000267  A$_sms_manager$579                 _sms_manager
     00000267  C$_sms_manager.c$77$1_0$162        _sms_manager
     00000267  XG$devkit_VDPFEATURE_SHOWDISPLAY   _sms_manager
     00000268  A$_sms_manager$592                 _sms_manager
     00000268  C$_sms_manager.c$80$1_0$163        _sms_manager
     00000268  C$_sms_manager.c$82$1_0$163        _sms_manager
     00000268  G$devkit_SMS_displayOn$0$0         _sms_manager
     00000268  _devkit_SMS_displayOn              _sms_manager
     0000026B  A$_sms_manager$600                 _sms_manager
     0000026B  C$_sms_manager.c$83$1_0$163        _sms_manager
ASxxxx Linker V03.00 + NoICE + sdld,  page 6.
Hexadecimal  [32-Bits]

Area                                    Addr        Size        Decimal Bytes (Attributes)
--------------------------------        ----        ----        ------- ----- ------------
_CODE                               00000200    00002164 =        8548. bytes (REL,CON)

      Value  Global                              Global Defined In Module
      -----  --------------------------------   ------------------------
     0000026B  XG$devkit_SMS_displayOn$0$0        _sms_manager
     0000026E  A$_sms_manager$613                 _sms_manager
     0000026E  C$_sms_manager.c$84$1_0$164        _sms_manager
     0000026E  C$_sms_manager.c$86$1_0$164        _sms_manager
     0000026E  G$devkit_SMS_displayOff$0$0        _sms_manager
     0000026E  _devkit_SMS_displayOff             _sms_manager
     00000271  A$_sms_manager$621                 _sms_manager
     00000271  C$_sms_manager.c$87$1_0$164        _sms_manager
     00000271  XG$devkit_SMS_displayOff$0$0       _sms_manager
     00000274  A$_sms_manager$634                 _sms_manager
     00000274  C$_sms_manager.c$89$1_0$166        _sms_manager
     00000274  C$_sms_manager.c$91$1_0$166        _sms_manager
     00000274  G$devkit_SMS_setBGScrollX$0$0      _sms_manager
     00000274  _devkit_SMS_setBGScrollX           _sms_manager
     00000278  A$_sms_manager$635                 _sms_manager
     0000027A  A$_sms_manager$636                 _sms_manager
     0000027D  A$_sms_manager$644                 _sms_manager
     0000027D  C$_sms_manager.c$92$1_0$166        _sms_manager
     0000027D  XG$devkit_SMS_setBGScrollX$0$0     _sms_manager
     00000280  A$_sms_manager$657                 _sms_manager
     00000280  C$_sms_manager.c$93$1_0$168        _sms_manager
     00000280  C$_sms_manager.c$95$1_0$168        _sms_manager
     00000280  G$devkit_SMS_setBGScrollY$0$0      _sms_manager
     00000280  _devkit_SMS_setBGScrollY           _sms_manager
     00000284  A$_sms_manager$658                 _sms_manager
     00000286  A$_sms_manager$659                 _sms_manager
     00000289  A$_sms_manager$667                 _sms_manager
     00000289  C$_sms_manager.c$96$1_0$168        _sms_manager
     00000289  XG$devkit_SMS_setBGScrollY$0$0     _sms_manager
     0000028C  A$_sms_manager$680                 _sms_manager
     0000028C  C$_sms_manager.c$97$1_0$170        _sms_manager
     0000028C  C$_sms_manager.c$99$1_0$170        _sms_manager
     0000028C  G$devkit_SMS_setBackdropColor$0$   _sms_manager
     0000028C  _devkit_SMS_setBackdropColor       _sms_manager
     00000290  A$_sms_manager$681                 _sms_manager
     00000292  A$_sms_manager$682                 _sms_manager
     00000295  A$_sms_manager$690                 _sms_manager
     00000295  C$_sms_manager.c$100$1_0$170       _sms_manager
     00000295  XG$devkit_SMS_setBackdropColor$0   _sms_manager
     00000298  A$_sms_manager$703                 _sms_manager
     00000298  C$_sms_manager.c$101$1_0$172       _sms_manager
     00000298  C$_sms_manager.c$103$1_0$172       _sms_manager
     00000298  G$devkit_SMS_useFirstHalfTilesfo   _sms_manager
     00000298  _devkit_SMS_useFirstHalfTilesfor   _sms_manager
     00000299  A$_sms_manager$704                 _sms_manager
     0000029D  A$_sms_manager$705                 _sms_manager
     0000029F  A$_sms_manager$706                 _sms_manager
     000002A2  A$_sms_manager$707                 _sms_manager
     000002A3  A$_sms_manager$708                 _sms_manager
     000002A4  A$_sms_manager$716                 _sms_manager
     000002A4  C$_sms_manager.c$104$1_0$172       _sms_manager
ASxxxx Linker V03.00 + NoICE + sdld,  page 7.
Hexadecimal  [32-Bits]

Area                                    Addr        Size        Decimal Bytes (Attributes)
--------------------------------        ----        ----        ------- ----- ------------
_CODE                               00000200    00002164 =        8548. bytes (REL,CON)

      Value  Global                              Global Defined In Module
      -----  --------------------------------   ------------------------
     000002A4  XG$devkit_SMS_useFirstHalfTilesf   _sms_manager
     000002A7  A$_sms_manager$729                 _sms_manager
     000002A7  C$_sms_manager.c$105$1_0$174       _sms_manager
     000002A7  C$_sms_manager.c$107$1_0$174       _sms_manager
     000002A7  G$devkit_SMS_setSpriteMode$0$0     _sms_manager
     000002A7  _devkit_SMS_setSpriteMode          _sms_manager
     000002AB  A$_sms_manager$730                 _sms_manager
     000002AD  A$_sms_manager$731                 _sms_manager
     000002B0  A$_sms_manager$739                 _sms_manager
     000002B0  C$_sms_manager.c$108$1_0$174       _sms_manager
     000002B0  XG$devkit_SMS_setSpriteMode$0$0    _sms_manager
     000002B3  A$_sms_manager$752                 _sms_manager
     000002B3  C$_sms_manager.c$111$1_0$175       _sms_manager
     000002B3  C$_sms_manager.c$113$1_0$175       _sms_manager
     000002B3  G$devkit_SPRITEMODE_NORMAL$0$0     _sms_manager
     000002B3  _devkit_SPRITEMODE_NORMAL          _sms_manager
     000002B5  A$_sms_manager$760                 _sms_manager
     000002B5  C$_sms_manager.c$114$1_0$175       _sms_manager
     000002B5  XG$devkit_SPRITEMODE_NORMAL$0$0    _sms_manager
     000002B6  A$_sms_manager$773                 _sms_manager
     000002B6  C$_sms_manager.c$115$1_0$176       _sms_manager
     000002B6  C$_sms_manager.c$117$1_0$176       _sms_manager
     000002B6  G$devkit_SPRITEMODE_TALL$0$0       _sms_manager
     000002B6  _devkit_SPRITEMODE_TALL            _sms_manager
     000002B8  A$_sms_manager$781                 _sms_manager
     000002B8  C$_sms_manager.c$118$1_0$176       _sms_manager
     000002B8  XG$devkit_SPRITEMODE_TALL$0$0      _sms_manager
     000002B9  A$_sms_manager$794                 _sms_manager
     000002B9  C$_sms_manager.c$119$1_0$177       _sms_manager
     000002B9  C$_sms_manager.c$121$1_0$177       _sms_manager
     000002B9  G$devkit_SPRITEMODE_ZOOMED$0$0     _sms_manager
     000002B9  _devkit_SPRITEMODE_ZOOMED          _sms_manager
     000002BB  A$_sms_manager$802                 _sms_manager
     000002BB  C$_sms_manager.c$122$1_0$177       _sms_manager
     000002BB  XG$devkit_SPRITEMODE_ZOOMED$0$0    _sms_manager
     000002BC  A$_sms_manager$815                 _sms_manager
     000002BC  C$_sms_manager.c$123$1_0$178       _sms_manager
     000002BC  C$_sms_manager.c$125$1_0$178       _sms_manager
     000002BC  G$devkit_SPRITEMODE_TALL_ZOOMED$   _sms_manager
     000002BC  _devkit_SPRITEMODE_TALL_ZOOMED     _sms_manager
     000002BE  A$_sms_manager$823                 _sms_manager
     000002BE  C$_sms_manager.c$126$1_0$178       _sms_manager
     000002BE  XG$devkit_SPRITEMODE_TALL_ZOOMED   _sms_manager
     000002BF  A$_sms_manager$836                 _sms_manager
     000002BF  C$_sms_manager.c$130$1_0$180       _sms_manager
     000002BF  C$_sms_manager.c$132$1_0$180       _sms_manager
     000002BF  G$devkit_SMS_mapROMBank$0$0        _sms_manager
     000002BF  _devkit_SMS_mapROMBank             _sms_manager
     000002C3  A$_sms_manager$837                 _sms_manager
     000002C5  A$_sms_manager$838                 _sms_manager
     000002C8  A$_sms_manager$839                 _sms_manager
ASxxxx Linker V03.00 + NoICE + sdld,  page 8.
Hexadecimal  [32-Bits]

Area                                    Addr        Size        Decimal Bytes (Attributes)
--------------------------------        ----        ----        ------- ----- ------------
_CODE                               00000200    00002164 =        8548. bytes (REL,CON)

      Value  Global                              Global Defined In Module
      -----  --------------------------------   ------------------------
     000002CB  A$_sms_manager$847                 _sms_manager
     000002CB  C$_sms_manager.c$133$1_0$180       _sms_manager
     000002CB  XG$devkit_SMS_mapROMBank$0$0       _sms_manager
     000002CC  A$_sms_manager$860                 _sms_manager
     000002CC  C$_sms_manager.c$136$1_0$181       _sms_manager
     000002CC  C$_sms_manager.c$138$1_0$181       _sms_manager
     000002CC  G$devkit_SMS_enableSRAM$0$0        _sms_manager
     000002CC  _devkit_SMS_enableSRAM             _sms_manager
     000002CE  A$_sms_manager$861                 _sms_manager
     000002D1  A$_sms_manager$869                 _sms_manager
     000002D1  C$_sms_manager.c$139$1_0$181       _sms_manager
     000002D1  XG$devkit_SMS_enableSRAM$0$0       _sms_manager
     000002D2  A$_sms_manager$882                 _sms_manager
     000002D2  C$_sms_manager.c$140$1_0$183       _sms_manager
     000002D2  C$_sms_manager.c$142$1_0$183       _sms_manager
     000002D2  G$devkit_SMS_enableSRAMBank$0$0    _sms_manager
     000002D2  _devkit_SMS_enableSRAMBank         _sms_manager
     000002D6  A$_sms_manager$883                 _sms_manager
     000002D8  A$_sms_manager$884                 _sms_manager
     000002DB  A$_sms_manager$885                 _sms_manager
     000002DC  A$_sms_manager$886                 _sms_manager
     000002DD  A$_sms_manager$887                 _sms_manager
     000002DF  A$_sms_manager$888                 _sms_manager
     000002E1  A$_sms_manager$889                 _sms_manager
     000002E4  A$_sms_manager$897                 _sms_manager
     000002E4  C$_sms_manager.c$143$1_0$183       _sms_manager
     000002E4  XG$devkit_SMS_enableSRAMBank$0$0   _sms_manager
     000002E5  A$_sms_manager$910                 _sms_manager
     000002E5  C$_sms_manager.c$144$1_0$184       _sms_manager
     000002E5  C$_sms_manager.c$146$1_0$184       _sms_manager
     000002E5  G$devkit_SMS_disableSRAM$0$0       _sms_manager
     000002E5  _devkit_SMS_disableSRAM            _sms_manager
     000002E7  A$_sms_manager$911                 _sms_manager
     000002EA  A$_sms_manager$919                 _sms_manager
     000002EA  C$_sms_manager.c$147$1_0$184       _sms_manager
     000002EA  XG$devkit_SMS_disableSRAM$0$0      _sms_manager
     000002EB  A$_sms_manager$932                 _sms_manager
     000002EB  C$_sms_manager.c$150$1_0$185       _sms_manager
     000002EB  C$_sms_manager.c$152$1_0$185       _sms_manager
     000002EB  G$devkit_SMS_SRAM$0$0              _sms_manager
     000002EB  _devkit_SMS_SRAM                   _sms_manager
     000002EE  A$_sms_manager$940                 _sms_manager
     000002EE  C$_sms_manager.c$153$1_0$185       _sms_manager
     000002EE  XG$devkit_SMS_SRAM$0$0             _sms_manager
     000002EF  A$_sms_manager$960                 _sms_manager
     000002EF  C$_sms_manager.c$156$1_0$186       _sms_manager
     000002EF  C$_sms_manager.c$158$1_0$186       _sms_manager
     000002EF  C$_sms_manager.c$159$1_0$186       _sms_manager
     000002EF  G$devkit_SMS_waitForVBlank$0$0     _sms_manager
     000002EF  XG$devkit_SMS_waitForVBlank$0$0    _sms_manager
     000002EF  _devkit_SMS_waitForVBlank          _sms_manager
ASxxxx Linker V03.00 + NoICE + sdld,  page 9.
Hexadecimal  [32-Bits]

Area                                    Addr        Size        Decimal Bytes (Attributes)
--------------------------------        ----        ----        ------- ----- ------------
_CODE                               00000200    00002164 =        8548. bytes (REL,CON)

      Value  Global                              Global Defined In Module
      -----  --------------------------------   ------------------------
     000002F2  A$_sms_manager$973                 _sms_manager
     000002F2  C$_sms_manager.c$161$1_0$188       _sms_manager
     000002F2  C$_sms_manager.c$163$1_0$188       _sms_manager
     000002F2  G$devkit_SMS_crt0_RST08$0$0        _sms_manager
     000002F2  _devkit_SMS_crt0_RST08             _sms_manager
     000002F6  A$_sms_manager$974                 _sms_manager
     000002F8  A$_sms_manager$975                 _sms_manager
     000002FB  A$_sms_manager$976                 _sms_manager
     000002FE  A$_sms_manager$984                 _sms_manager
     000002FE  C$_sms_manager.c$164$1_0$188       _sms_manager
     000002FE  XG$devkit_SMS_crt0_RST08$0$0       _sms_manager
     00000301  A$_sms_manager$997                 _sms_manager
     00000301  C$_sms_manager.c$165$1_0$190       _sms_manager
     00000301  C$_sms_manager.c$167$1_0$190       _sms_manager
     00000301  G$devkit_SMS_crt0_RST18$0$0        _sms_manager
     00000301  _devkit_SMS_crt0_RST18             _sms_manager
     00000305  A$_sms_manager$998                 _sms_manager
     00000307  A$_sms_manager$999                 _sms_manager
     0000030A  A$_sms_manager$1000                _sms_manager
     0000030D  A$_sms_manager$1008                _sms_manager
     0000030D  C$_sms_manager.c$168$1_0$190       _sms_manager
     0000030D  XG$devkit_SMS_crt0_RST18$0$0       _sms_manager
     00000310  A$_sms_manager$1021                _sms_manager
     00000310  C$_sms_manager.c$171$1_0$192       _sms_manager
     00000310  C$_sms_manager.c$173$1_0$192       _sms_manager
     00000310  G$devkit_SMS_setTile$0$0           _sms_manager
     00000310  _devkit_SMS_setTile                _sms_manager
     00000314  A$_sms_manager$1022                _sms_manager
     00000316  A$_sms_manager$1023                _sms_manager
     00000319  A$_sms_manager$1024                _sms_manager
     0000031C  A$_sms_manager$1032                _sms_manager
     0000031C  C$_sms_manager.c$174$1_0$192       _sms_manager
     0000031C  XG$devkit_SMS_setTile$0$0          _sms_manager
     0000031F  A$_sms_manager$1045                _sms_manager
     0000031F  C$_sms_manager.c$175$1_0$194       _sms_manager
     0000031F  C$_sms_manager.c$177$1_0$194       _sms_manager
     0000031F  G$devkit_SMS_setAddr$0$0           _sms_manager
     0000031F  _devkit_SMS_setAddr                _sms_manager
     00000323  A$_sms_manager$1046                _sms_manager
     00000325  A$_sms_manager$1047                _sms_manager
     00000328  A$_sms_manager$1048                _sms_manager
     0000032B  A$_sms_manager$1056                _sms_manager
     0000032B  C$_sms_manager.c$178$1_0$194       _sms_manager
     0000032B  XG$devkit_SMS_setAddr$0$0          _sms_manager
     0000032E  A$_sms_manager$1076                _sms_manager
     0000032E  C$_sms_manager.c$182$1_0$196       _sms_manager
     0000032E  C$_sms_manager.c$184$1_0$196       _sms_manager
     0000032E  C$_sms_manager.c$185$1_0$196       _sms_manager
     0000032E  G$devkit_XYtoADDR$0$0              _sms_manager
     0000032E  XG$devkit_XYtoADDR$0$0             _sms_manager
     0000032E  _devkit_XYtoADDR                   _sms_manager
ASxxxx Linker V03.00 + NoICE + sdld,  page 10.
Hexadecimal  [32-Bits]

Area                                    Addr        Size        Decimal Bytes (Attributes)
--------------------------------        ----        ----        ------- ----- ------------
_CODE                               00000200    00002164 =        8548. bytes (REL,CON)

      Value  Global                              Global Defined In Module
      -----  --------------------------------   ------------------------
     0000032F  A$_sms_manager$1086                _sms_manager
     0000032F  C$_sms_manager.c$186$1_0$198       _sms_manager
     0000032F  G$devkit_SMS_setNextTileatXY$0$0   _sms_manager
     0000032F  _devkit_SMS_setNextTileatXY        _sms_manager
     00000331  A$_sms_manager$1087                _sms_manager
     00000335  A$_sms_manager$1088                _sms_manager
     00000337  A$_sms_manager$1092                _sms_manager
     00000337  C$_sms_manager.c$188$1_0$198       _sms_manager
     0000033A  A$_sms_manager$1093                _sms_manager
     0000033C  A$_sms_manager$1094                _sms_manager
     0000033D  A$_sms_manager$1095                _sms_manager
     0000033E  A$_sms_manager$1096                _sms_manager
     0000033F  A$_sms_manager$1097                _sms_manager
     00000340  A$_sms_manager$1098                _sms_manager
     00000341  A$_sms_manager$1099                _sms_manager
     00000344  A$_sms_manager$1100                _sms_manager
     00000346  A$_sms_manager$1101                _sms_manager
     00000347  A$_sms_manager$1102                _sms_manager
     00000348  A$_sms_manager$1103                _sms_manager
     00000349  A$_sms_manager$1104                _sms_manager
     0000034B  A$_sms_manager$1105                _sms_manager
     0000034C  A$_sms_manager$1113                _sms_manager
     0000034C  C$_sms_manager.c$189$1_0$198       _sms_manager
     0000034C  XG$devkit_SMS_setNextTileatXY$0$   _sms_manager
     0000034E  A$_sms_manager$1114                _sms_manager
     00000351  A$_sms_manager$1127                _sms_manager
     00000351  C$_sms_manager.c$190$1_0$200       _sms_manager
     00000351  C$_sms_manager.c$192$1_0$200       _sms_manager
     00000351  G$devkit_SMS_setNextTileatLoc$0$   _sms_manager
     00000351  _devkit_SMS_setNextTileatLoc       _sms_manager
     00000352  A$_sms_manager$1128                _sms_manager
     00000353  A$_sms_manager$1129                _sms_manager
     00000354  A$_sms_manager$1130                _sms_manager
     00000355  A$_sms_manager$1131                _sms_manager
     00000356  A$_sms_manager$1132                _sms_manager
     00000357  A$_sms_manager$1133                _sms_manager
     00000359  A$_sms_manager$1134                _sms_manager
     0000035A  A$_sms_manager$1142                _sms_manager
     0000035A  C$_sms_manager.c$193$1_0$200       _sms_manager
     0000035A  XG$devkit_SMS_setNextTileatLoc$0   _sms_manager
     0000035D  A$_sms_manager$1155                _sms_manager
     0000035D  C$_sms_manager.c$194$1_0$202       _sms_manager
     0000035D  C$_sms_manager.c$196$1_0$202       _sms_manager
     0000035D  G$devkit_SMS_setNextTileatAddr$0   _sms_manager
     0000035D  _devkit_SMS_setNextTileatAddr      _sms_manager
     00000361  A$_sms_manager$1156                _sms_manager
     00000363  A$_sms_manager$1157                _sms_manager
     00000366  A$_sms_manager$1158                _sms_manager
     00000368  A$_sms_manager$1166                _sms_manager
     00000368  C$_sms_manager.c$197$1_0$202       _sms_manager
     00000368  XG$devkit_SMS_setNextTileatAddr$   _sms_manager
ASxxxx Linker V03.00 + NoICE + sdld,  page 11.
Hexadecimal  [32-Bits]

Area                                    Addr        Size        Decimal Bytes (Attributes)
--------------------------------        ----        ----        ------- ----- ------------
_CODE                               00000200    00002164 =        8548. bytes (REL,CON)

      Value  Global                              Global Defined In Module
      -----  --------------------------------   ------------------------
     0000036B  A$_sms_manager$1176                _sms_manager
     0000036B  C$_sms_manager.c$198$1_0$204       _sms_manager
     0000036B  G$devkit_SMS_setTileatXY$0$0       _sms_manager
     0000036B  _devkit_SMS_setTileatXY            _sms_manager
     0000036D  A$_sms_manager$1177                _sms_manager
     00000371  A$_sms_manager$1178                _sms_manager
     00000373  A$_sms_manager$1182                _sms_manager
     00000373  C$_sms_manager.c$200$2_0$205       _sms_manager
     00000376  A$_sms_manager$1183                _sms_manager
     00000378  A$_sms_manager$1184                _sms_manager
     00000379  A$_sms_manager$1185                _sms_manager
     0000037A  A$_sms_manager$1186                _sms_manager
     0000037B  A$_sms_manager$1187                _sms_manager
     0000037C  A$_sms_manager$1188                _sms_manager
     0000037D  A$_sms_manager$1189                _sms_manager
     00000380  A$_sms_manager$1190                _sms_manager
     00000382  A$_sms_manager$1191                _sms_manager
     00000383  A$_sms_manager$1192                _sms_manager
     00000384  A$_sms_manager$1193                _sms_manager
     00000385  A$_sms_manager$1194                _sms_manager
     00000387  A$_sms_manager$1195                _sms_manager
     00000388  A$_sms_manager$1196                _sms_manager
     00000389  A$_sms_manager$1197                _sms_manager
     0000038C  A$_sms_manager$1198                _sms_manager
     0000038F  A$_sms_manager$1206                _sms_manager
     0000038F  C$_sms_manager.c$201$1_0$204       _sms_manager
     0000038F  XG$devkit_SMS_setTileatXY$0$0      _sms_manager
     00000391  A$_sms_manager$1207                _sms_manager
     00000394  A$_sms_manager$1227                _sms_manager
     00000394  C$_sms_manager.c$205$1_0$207       _sms_manager
     00000394  C$_sms_manager.c$207$1_0$207       _sms_manager
     00000394  C$_sms_manager.c$208$1_0$207       _sms_manager
     00000394  G$devkit_TILEtoADDR$0$0            _sms_manager
     00000394  XG$devkit_TILEtoADDR$0$0           _sms_manager
     00000394  _devkit_TILEtoADDR                 _sms_manager
     00000395  A$_sms_manager$1240                _sms_manager
     00000395  C$_sms_manager.c$211$1_0$208       _sms_manager
     00000395  C$_sms_manager.c$213$1_0$208       _sms_manager
     00000395  G$devkit_TILE_FLIPPED_X$0$0        _sms_manager
     00000395  _devkit_TILE_FLIPPED_X             _sms_manager
     00000398  A$_sms_manager$1248                _sms_manager
     00000398  C$_sms_manager.c$214$1_0$208       _sms_manager
     00000398  XG$devkit_TILE_FLIPPED_X$0$0       _sms_manager
     00000399  A$_sms_manager$1261                _sms_manager
     00000399  C$_sms_manager.c$215$1_0$209       _sms_manager
     00000399  C$_sms_manager.c$217$1_0$209       _sms_manager
     00000399  G$devkit_TILE_FLIPPED_Y$0$0        _sms_manager
     00000399  _devkit_TILE_FLIPPED_Y             _sms_manager
     0000039C  A$_sms_manager$1269                _sms_manager
     0000039C  C$_sms_manager.c$218$1_0$209       _sms_manager
     0000039C  XG$devkit_TILE_FLIPPED_Y$0$0       _sms_manager
ASxxxx Linker V03.00 + NoICE + sdld,  page 12.
Hexadecimal  [32-Bits]

Area                                    Addr        Size        Decimal Bytes (Attributes)
--------------------------------        ----        ----        ------- ----- ------------
_CODE                               00000200    00002164 =        8548. bytes (REL,CON)

      Value  Global                              Global Defined In Module
      -----  --------------------------------   ------------------------
     0000039D  A$_sms_manager$1282                _sms_manager
     0000039D  C$_sms_manager.c$219$1_0$210       _sms_manager
     0000039D  C$_sms_manager.c$221$1_0$210       _sms_manager
     0000039D  G$devkit_TILE_USE_SPRITE_PALETTE   _sms_manager
     0000039D  _devkit_TILE_USE_SPRITE_PALETTE    _sms_manager
     000003A0  A$_sms_manager$1290                _sms_manager
     000003A0  C$_sms_manager.c$222$1_0$210       _sms_manager
     000003A0  XG$devkit_TILE_USE_SPRITE_PALETT   _sms_manager
     000003A1  A$_sms_manager$1303                _sms_manager
     000003A1  C$_sms_manager.c$223$1_0$211       _sms_manager
     000003A1  C$_sms_manager.c$225$1_0$211       _sms_manager
     000003A1  G$devkit_TILE_PRIORITY$0$0         _sms_manager
     000003A1  _devkit_TILE_PRIORITY              _sms_manager
     000003A4  A$_sms_manager$1311                _sms_manager
     000003A4  C$_sms_manager.c$226$1_0$211       _sms_manager
     000003A4  XG$devkit_TILE_PRIORITY$0$0        _sms_manager
     000003A5  A$_sms_manager$1324                _sms_manager
     000003A5  C$_sms_manager.c$229$1_0$213       _sms_manager
     000003A5  C$_sms_manager.c$231$1_0$213       _sms_manager
     000003A5  G$devkit_SMS_loadTiles$0$0         _sms_manager
     000003A5  _devkit_SMS_loadTiles              _sms_manager
     000003A9  A$_sms_manager$1325                _sms_manager
     000003AB  A$_sms_manager$1326                _sms_manager
     000003AE  A$_sms_manager$1327                _sms_manager
     000003B1  A$_sms_manager$1328                _sms_manager
     000003B2  A$_sms_manager$1329                _sms_manager
     000003B3  A$_sms_manager$1330                _sms_manager
     000003B4  A$_sms_manager$1331                _sms_manager
     000003B5  A$_sms_manager$1332                _sms_manager
     000003B6  A$_sms_manager$1333                _sms_manager
     000003B8  A$_sms_manager$1334                _sms_manager
     000003BB  A$_sms_manager$1335                _sms_manager
     000003BE  A$_sms_manager$1336                _sms_manager
     000003BF  A$_sms_manager$1337                _sms_manager
     000003C3  A$_sms_manager$1338                _sms_manager
     000003C5  A$_sms_manager$1339                _sms_manager
     000003C8  A$_sms_manager$1340                _sms_manager
     000003CB  A$_sms_manager$1341                _sms_manager
     000003CC  A$_sms_manager$1342                _sms_manager
     000003CD  A$_sms_manager$1343                _sms_manager
     000003D0  A$_sms_manager$1351                _sms_manager
     000003D0  C$_sms_manager.c$232$1_0$213       _sms_manager
     000003D0  XG$devkit_SMS_loadTiles$0$0        _sms_manager
     000003D1  A$_sms_manager$1364                _sms_manager
     000003D1  C$_sms_manager.c$233$1_0$215       _sms_manager
     000003D1  C$_sms_manager.c$235$1_0$215       _sms_manager
     000003D1  G$devkit_SMS_load1bppTiles$0$0     _sms_manager
     000003D1  _devkit_SMS_load1bppTiles          _sms_manager
     000003D5  A$_sms_manager$1365                _sms_manager
     000003D7  A$_sms_manager$1366                _sms_manager
     000003DA  A$_sms_manager$1367                _sms_manager
ASxxxx Linker V03.00 + NoICE + sdld,  page 13.
Hexadecimal  [32-Bits]

Area                                    Addr        Size        Decimal Bytes (Attributes)
--------------------------------        ----        ----        ------- ----- ------------
_CODE                               00000200    00002164 =        8548. bytes (REL,CON)

      Value  Global                              Global Defined In Module
      -----  --------------------------------   ------------------------
     000003DB  A$_sms_manager$1368                _sms_manager
     000003DC  A$_sms_manager$1369                _sms_manager
     000003DF  A$_sms_manager$1370                _sms_manager
     000003E1  A$_sms_manager$1371                _sms_manager
     000003E2  A$_sms_manager$1372                _sms_manager
     000003E3  A$_sms_manager$1373                _sms_manager
     000003E6  A$_sms_manager$1374                _sms_manager
     000003E9  A$_sms_manager$1375                _sms_manager
     000003EB  A$_sms_manager$1376                _sms_manager
     000003ED  A$_sms_manager$1377                _sms_manager
     000003EE  A$_sms_manager$1378                _sms_manager
     000003F1  A$_sms_manager$1379                _sms_manager
     000003F4  A$_sms_manager$1380                _sms_manager
     000003F6  A$_sms_manager$1381                _sms_manager
     000003F8  A$_sms_manager$1382                _sms_manager
     000003F9  A$_sms_manager$1383                _sms_manager
     000003FC  A$_sms_manager$1384                _sms_manager
     000003FF  A$_sms_manager$1385                _sms_manager
     00000400  A$_sms_manager$1386                _sms_manager
     00000403  A$_sms_manager$1387                _sms_manager
     00000406  A$_sms_manager$1388                _sms_manager
     00000407  A$_sms_manager$1389                _sms_manager
     00000408  A$_sms_manager$1397                _sms_manager
     00000408  C$_sms_manager.c$236$1_0$215       _sms_manager
     00000408  XG$devkit_SMS_load1bppTiles$0$0    _sms_manager
     00000409  A$_sms_manager$1410                _sms_manager
     00000409  C$_sms_manager.c$239$1_0$217       _sms_manager
     00000409  C$_sms_manager.c$241$1_0$217       _sms_manager
     00000409  G$devkit_SMS_loadPSGaidencompres   _sms_manager
     00000409  _devkit_SMS_loadPSGaidencompress   _sms_manager
     0000040D  A$_sms_manager$1411                _sms_manager
     0000040F  A$_sms_manager$1412                _sms_manager
     00000412  A$_sms_manager$1413                _sms_manager
     00000415  A$_sms_manager$1414                _sms_manager
     00000416  A$_sms_manager$1415                _sms_manager
     00000419  A$_sms_manager$1416                _sms_manager
     0000041C  A$_sms_manager$1417                _sms_manager
     0000041D  A$_sms_manager$1418                _sms_manager
     00000420  A$_sms_manager$1419                _sms_manager
     00000421  A$_sms_manager$1420                _sms_manager
     00000422  A$_sms_manager$1428                _sms_manager
     00000422  C$_sms_manager.c$242$1_0$217       _sms_manager
     00000422  XG$devkit_SMS_loadPSGaidencompre   _sms_manager
     00000423  A$_sms_manager$1441                _sms_manager
     00000423  C$_sms_manager.c$243$1_0$219       _sms_manager
     00000423  C$_sms_manager.c$245$1_0$219       _sms_manager
     00000423  G$devkit_SMS_loadPSGaidencompres   _sms_manager
     00000423  _devkit_SMS_loadPSGaidencompress   _sms_manager
     00000427  A$_sms_manager$1442                _sms_manager
     00000429  A$_sms_manager$1443                _sms_manager
     0000042C  A$_sms_manager$1444                _sms_manager
ASxxxx Linker V03.00 + NoICE + sdld,  page 14.
Hexadecimal  [32-Bits]

Area                                    Addr        Size        Decimal Bytes (Attributes)
--------------------------------        ----        ----        ------- ----- ------------
_CODE                               00000200    00002164 =        8548. bytes (REL,CON)

      Value  Global                              Global Defined In Module
      -----  --------------------------------   ------------------------
     0000042F  A$_sms_manager$1445                _sms_manager
     00000430  A$_sms_manager$1446                _sms_manager
     00000431  A$_sms_manager$1447                _sms_manager
     00000432  A$_sms_manager$1448                _sms_manager
     00000433  A$_sms_manager$1449                _sms_manager
     00000434  A$_sms_manager$1450                _sms_manager
     00000436  A$_sms_manager$1451                _sms_manager
     00000437  A$_sms_manager$1452                _sms_manager
     0000043A  A$_sms_manager$1453                _sms_manager
     0000043D  A$_sms_manager$1454                _sms_manager
     0000043E  A$_sms_manager$1455                _sms_manager
     00000441  A$_sms_manager$1456                _sms_manager
     00000442  A$_sms_manager$1457                _sms_manager
     00000443  A$_sms_manager$1465                _sms_manager
     00000443  C$_sms_manager.c$246$1_0$219       _sms_manager
     00000443  XG$devkit_SMS_loadPSGaidencompre   _sms_manager
     00000444  A$_sms_manager$1478                _sms_manager
     00000444  C$_sms_manager.c$249$1_0$221       _sms_manager
     00000444  C$_sms_manager.c$251$1_0$221       _sms_manager
     00000444  G$devkit_UNSAFE_SMS_loadZX7compr   _sms_manager
     00000444  _devkit_UNSAFE_SMS_loadZX7compre   _sms_manager
     00000448  A$_sms_manager$1479                _sms_manager
     0000044A  A$_sms_manager$1480                _sms_manager
     0000044D  A$_sms_manager$1481                _sms_manager
     00000450  A$_sms_manager$1482                _sms_manager
     00000451  A$_sms_manager$1483                _sms_manager
     00000454  A$_sms_manager$1484                _sms_manager
     00000457  A$_sms_manager$1485                _sms_manager
     00000458  A$_sms_manager$1486                _sms_manager
     0000045B  A$_sms_manager$1487                _sms_manager
     0000045C  A$_sms_manager$1488                _sms_manager
     0000045D  A$_sms_manager$1496                _sms_manager
     0000045D  C$_sms_manager.c$252$1_0$221       _sms_manager
     0000045D  XG$devkit_UNSAFE_SMS_loadZX7comp   _sms_manager
     0000045E  A$_sms_manager$1509                _sms_manager
     0000045E  C$_sms_manager.c$253$1_0$223       _sms_manager
     0000045E  C$_sms_manager.c$255$1_0$223       _sms_manager
     0000045E  G$devkit_UNSAFE_SMS_loadZX7compr   _sms_manager
     0000045E  _devkit_UNSAFE_SMS_loadZX7compre   _sms_manager
     00000462  A$_sms_manager$1510                _sms_manager
     00000464  A$_sms_manager$1511                _sms_manager
     00000467  A$_sms_manager$1512                _sms_manager
     0000046A  A$_sms_manager$1513                _sms_manager
     0000046B  A$_sms_manager$1514                _sms_manager
     0000046C  A$_sms_manager$1515                _sms_manager
     0000046D  A$_sms_manager$1516                _sms_manager
     0000046E  A$_sms_manager$1517                _sms_manager
     0000046F  A$_sms_manager$1518                _sms_manager
     00000471  A$_sms_manager$1519                _sms_manager
     00000472  A$_sms_manager$1520                _sms_manager
     00000475  A$_sms_manager$1521                _sms_manager
ASxxxx Linker V03.00 + NoICE + sdld,  page 15.
Hexadecimal  [32-Bits]

Area                                    Addr        Size        Decimal Bytes (Attributes)
--------------------------------        ----        ----        ------- ----- ------------
_CODE                               00000200    00002164 =        8548. bytes (REL,CON)

      Value  Global                              Global Defined In Module
      -----  --------------------------------   ------------------------
     00000478  A$_sms_manager$1522                _sms_manager
     00000479  A$_sms_manager$1523                _sms_manager
     0000047C  A$_sms_manager$1524                _sms_manager
     0000047D  A$_sms_manager$1525                _sms_manager
     0000047E  A$_sms_manager$1533                _sms_manager
     0000047E  C$_sms_manager.c$256$1_0$223       _sms_manager
     0000047E  XG$devkit_UNSAFE_SMS_loadZX7comp   _sms_manager
     0000047F  A$_sms_manager$1546                _sms_manager
     0000047F  C$_sms_manager.c$257$1_0$225       _sms_manager
     0000047F  C$_sms_manager.c$259$1_0$225       _sms_manager
     0000047F  G$devkit_UNSAFE_SMS_loadaPLibcom   _sms_manager
     0000047F  _devkit_UNSAFE_SMS_loadaPLibcomp   _sms_manager
     00000483  A$_sms_manager$1547                _sms_manager
     00000485  A$_sms_manager$1548                _sms_manager
     00000488  A$_sms_manager$1549                _sms_manager
     0000048B  A$_sms_manager$1550                _sms_manager
     0000048C  A$_sms_manager$1551                _sms_manager
     0000048F  A$_sms_manager$1552                _sms_manager
     00000492  A$_sms_manager$1553                _sms_manager
     00000493  A$_sms_manager$1554                _sms_manager
     00000496  A$_sms_manager$1555                _sms_manager
     00000497  A$_sms_manager$1556                _sms_manager
     00000498  A$_sms_manager$1564                _sms_manager
     00000498  C$_sms_manager.c$260$1_0$225       _sms_manager
     00000498  XG$devkit_UNSAFE_SMS_loadaPLibco   _sms_manager
     00000499  A$_sms_manager$1577                _sms_manager
     00000499  C$_sms_manager.c$261$1_0$227       _sms_manager
     00000499  C$_sms_manager.c$263$1_0$227       _sms_manager
     00000499  G$devkit_UNSAFE_SMS_loadaPLibcom   _sms_manager
     00000499  _devkit_UNSAFE_SMS_loadaPLibcomp   _sms_manager
     0000049D  A$_sms_manager$1578                _sms_manager
     0000049F  A$_sms_manager$1579                _sms_manager
     000004A2  A$_sms_manager$1580                _sms_manager
     000004A5  A$_sms_manager$1581                _sms_manager
     000004A6  A$_sms_manager$1582                _sms_manager
     000004A7  A$_sms_manager$1583                _sms_manager
     000004A8  A$_sms_manager$1584                _sms_manager
     000004A9  A$_sms_manager$1585                _sms_manager
     000004AA  A$_sms_manager$1586                _sms_manager
     000004AC  A$_sms_manager$1587                _sms_manager
     000004AD  A$_sms_manager$1588                _sms_manager
     000004B0  A$_sms_manager$1589                _sms_manager
     000004B3  A$_sms_manager$1590                _sms_manager
     000004B4  A$_sms_manager$1591                _sms_manager
     000004B7  A$_sms_manager$1592                _sms_manager
     000004B8  A$_sms_manager$1593                _sms_manager
     000004B9  A$_sms_manager$1601                _sms_manager
     000004B9  C$_sms_manager.c$264$1_0$227       _sms_manager
     000004B9  XG$devkit_UNSAFE_SMS_loadaPLibco   _sms_manager
     000004BA  A$_sms_manager$1611                _sms_manager
     000004BA  C$_sms_manager.c$267$1_0$229       _sms_manager
ASxxxx Linker V03.00 + NoICE + sdld,  page 16.
Hexadecimal  [32-Bits]

Area                                    Addr        Size        Decimal Bytes (Attributes)
--------------------------------        ----        ----        ------- ----- ------------
_CODE                               00000200    00002164 =        8548. bytes (REL,CON)

      Value  Global                              Global Defined In Module
      -----  --------------------------------   ------------------------
     000004BA  G$devkit_SMS_loadTileMap$0$0       _sms_manager
     000004BA  _devkit_SMS_loadTileMap            _sms_manager
     000004BC  A$_sms_manager$1612                _sms_manager
     000004C0  A$_sms_manager$1613                _sms_manager
     000004C2  A$_sms_manager$1617                _sms_manager
     000004C2  C$_sms_manager.c$269$1_0$229       _sms_manager
     000004C5  A$_sms_manager$1618                _sms_manager
     000004C8  A$_sms_manager$1619                _sms_manager
     000004CB  A$_sms_manager$1620                _sms_manager
     000004CD  A$_sms_manager$1621                _sms_manager
     000004CE  A$_sms_manager$1622                _sms_manager
     000004CF  A$_sms_manager$1623                _sms_manager
     000004D0  A$_sms_manager$1624                _sms_manager
     000004D1  A$_sms_manager$1625                _sms_manager
     000004D2  A$_sms_manager$1626                _sms_manager
     000004D5  A$_sms_manager$1627                _sms_manager
     000004D7  A$_sms_manager$1628                _sms_manager
     000004D8  A$_sms_manager$1629                _sms_manager
     000004D9  A$_sms_manager$1630                _sms_manager
     000004DA  A$_sms_manager$1631                _sms_manager
     000004DC  A$_sms_manager$1632                _sms_manager
     000004DD  A$_sms_manager$1633                _sms_manager
     000004E0  A$_sms_manager$1634                _sms_manager
     000004E3  A$_sms_manager$1635                _sms_manager
     000004E4  A$_sms_manager$1636                _sms_manager
     000004E5  A$_sms_manager$1637                _sms_manager
     000004E6  A$_sms_manager$1638                _sms_manager
     000004E9  A$_sms_manager$1642                _sms_manager
     000004EB  A$_sms_manager$1647                _sms_manager
     000004EB  C$_sms_manager.c$270$1_0$229       _sms_manager
     000004EB  XG$devkit_SMS_loadTileMap$0$0      _sms_manager
     000004EC  A$_sms_manager$1660                _sms_manager
     000004EC  C$_sms_manager.c$271$1_0$231       _sms_manager
     000004EC  C$_sms_manager.c$273$1_0$231       _sms_manager
     000004EC  G$devkit_SMS_loadTileMapArea$0$0   _sms_manager
     000004EC  _devkit_SMS_loadTileMapArea        _sms_manager
     000004F0  A$_sms_manager$1661                _sms_manager
     000004F2  A$_sms_manager$1662                _sms_manager
     000004F5  A$_sms_manager$1663                _sms_manager
     000004F6  A$_sms_manager$1664                _sms_manager
     000004F7  A$_sms_manager$1665                _sms_manager
     000004FA  A$_sms_manager$1666                _sms_manager
     000004FC  A$_sms_manager$1667                _sms_manager
     000004FD  A$_sms_manager$1668                _sms_manager
     000004FE  A$_sms_manager$1669                _sms_manager
     00000501  A$_sms_manager$1670                _sms_manager
     00000504  A$_sms_manager$1671                _sms_manager
     00000506  A$_sms_manager$1672                _sms_manager
     00000508  A$_sms_manager$1673                _sms_manager
     00000509  A$_sms_manager$1674                _sms_manager
     0000050C  A$_sms_manager$1675                _sms_manager
ASxxxx Linker V03.00 + NoICE + sdld,  page 17.
Hexadecimal  [32-Bits]

Area                                    Addr        Size        Decimal Bytes (Attributes)
--------------------------------        ----        ----        ------- ----- ------------
_CODE                               00000200    00002164 =        8548. bytes (REL,CON)

      Value  Global                              Global Defined In Module
      -----  --------------------------------   ------------------------
     0000050E  A$_sms_manager$1676                _sms_manager
     0000050F  A$_sms_manager$1677                _sms_manager
     00000510  A$_sms_manager$1678                _sms_manager
     00000513  A$_sms_manager$1679                _sms_manager
     00000514  A$_sms_manager$1680                _sms_manager
     00000515  A$_sms_manager$1681                _sms_manager
     00000518  A$_sms_manager$1682                _sms_manager
     0000051B  A$_sms_manager$1683                _sms_manager
     0000051C  A$_sms_manager$1684                _sms_manager
     0000051D  A$_sms_manager$1692                _sms_manager
     0000051D  C$_sms_manager.c$274$1_0$231       _sms_manager
     0000051D  XG$devkit_SMS_loadTileMapArea$0$   _sms_manager
     0000051E  A$_sms_manager$1705                _sms_manager
     0000051E  C$_sms_manager.c$276$1_0$233       _sms_manager
     0000051E  C$_sms_manager.c$278$1_0$233       _sms_manager
     0000051E  G$devkit_SMS_loadSTMcompressedTi   _sms_manager
     0000051E  _devkit_SMS_loadSTMcompressedTil   _sms_manager
     00000522  A$_sms_manager$1706                _sms_manager
     00000524  A$_sms_manager$1707                _sms_manager
     00000527  A$_sms_manager$1708                _sms_manager
     0000052A  A$_sms_manager$1709                _sms_manager
     0000052B  A$_sms_manager$1710                _sms_manager
     0000052E  A$_sms_manager$1711                _sms_manager
     00000531  A$_sms_manager$1712                _sms_manager
     00000532  A$_sms_manager$1713                _sms_manager
     00000535  A$_sms_manager$1714                _sms_manager
     00000536  A$_sms_manager$1715                _sms_manager
     00000537  A$_sms_manager$1723                _sms_manager
     00000537  C$_sms_manager.c$279$1_0$233       _sms_manager
     00000537  XG$devkit_SMS_loadSTMcompressedT   _sms_manager
     00000538  A$_sms_manager$1733                _sms_manager
     00000538  C$_sms_manager.c$280$1_0$235       _sms_manager
     00000538  G$devkit_SMS_loadSTMcompressedTi   _sms_manager
     00000538  _devkit_SMS_loadSTMcompressedTil   _sms_manager
     0000053A  A$_sms_manager$1734                _sms_manager
     0000053E  A$_sms_manager$1735                _sms_manager
     00000540  A$_sms_manager$1739                _sms_manager
     00000540  C$_sms_manager.c$282$1_0$235       _sms_manager
     00000543  A$_sms_manager$1740                _sms_manager
     00000546  A$_sms_manager$1741                _sms_manager
     00000549  A$_sms_manager$1742                _sms_manager
     0000054B  A$_sms_manager$1743                _sms_manager
     0000054C  A$_sms_manager$1744                _sms_manager
     0000054D  A$_sms_manager$1745                _sms_manager
     0000054E  A$_sms_manager$1746                _sms_manager
     0000054F  A$_sms_manager$1747                _sms_manager
     00000550  A$_sms_manager$1748                _sms_manager
     00000553  A$_sms_manager$1749                _sms_manager
     00000555  A$_sms_manager$1750                _sms_manager
     00000556  A$_sms_manager$1751                _sms_manager
     00000557  A$_sms_manager$1752                _sms_manager
ASxxxx Linker V03.00 + NoICE + sdld,  page 18.
Hexadecimal  [32-Bits]

Area                                    Addr        Size        Decimal Bytes (Attributes)
--------------------------------        ----        ----        ------- ----- ------------
_CODE                               00000200    00002164 =        8548. bytes (REL,CON)

      Value  Global                              Global Defined In Module
      -----  --------------------------------   ------------------------
     00000558  A$_sms_manager$1753                _sms_manager
     0000055A  A$_sms_manager$1754                _sms_manager
     0000055B  A$_sms_manager$1755                _sms_manager
     0000055C  A$_sms_manager$1756                _sms_manager
     0000055D  A$_sms_manager$1757                _sms_manager
     00000560  A$_sms_manager$1758                _sms_manager
     00000561  A$_sms_manager$1759                _sms_manager
     00000562  A$_sms_manager$1763                _sms_manager
     00000564  A$_sms_manager$1768                _sms_manager
     00000564  C$_sms_manager.c$283$1_0$235       _sms_manager
     00000564  XG$devkit_SMS_loadSTMcompressedT   _sms_manager
     00000565  A$_sms_manager$1778                _sms_manager
     00000565  C$_sms_manager.c$284$1_0$237       _sms_manager
     00000565  G$devkit_SMS_loadSTMcompressedTi   _sms_manager
     00000565  _devkit_SMS_loadSTMcompressedTil   _sms_manager
     00000567  A$_sms_manager$1779                _sms_manager
     0000056B  A$_sms_manager$1780                _sms_manager
     0000056D  A$_sms_manager$1784                _sms_manager
     0000056D  C$_sms_manager.c$286$1_0$237       _sms_manager
     00000570  A$_sms_manager$1785                _sms_manager
     00000573  A$_sms_manager$1786                _sms_manager
     00000576  A$_sms_manager$1787                _sms_manager
     00000578  A$_sms_manager$1788                _sms_manager
     00000579  A$_sms_manager$1789                _sms_manager
     0000057A  A$_sms_manager$1790                _sms_manager
     0000057B  A$_sms_manager$1791                _sms_manager
     0000057C  A$_sms_manager$1792                _sms_manager
     0000057D  A$_sms_manager$1793                _sms_manager
     00000580  A$_sms_manager$1794                _sms_manager
     00000582  A$_sms_manager$1795                _sms_manager
     00000583  A$_sms_manager$1796                _sms_manager
     00000584  A$_sms_manager$1797                _sms_manager
     00000585  A$_sms_manager$1798                _sms_manager
     00000587  A$_sms_manager$1799                _sms_manager
     00000588  A$_sms_manager$1800                _sms_manager
     00000589  A$_sms_manager$1801                _sms_manager
     0000058A  A$_sms_manager$1802                _sms_manager
     0000058D  A$_sms_manager$1803                _sms_manager
     0000058E  A$_sms_manager$1804                _sms_manager
     0000058F  A$_sms_manager$1808                _sms_manager
     00000591  A$_sms_manager$1813                _sms_manager
     00000591  C$_sms_manager.c$287$1_0$237       _sms_manager
     00000591  XG$devkit_SMS_loadSTMcompressedT   _sms_manager
     00000592  A$_sms_manager$1833                _sms_manager
     00000592  C$_sms_manager.c$290$1_0$238       _sms_manager
     00000592  C$_sms_manager.c$292$1_0$238       _sms_manager
     00000592  C$_sms_manager.c$293$1_0$238       _sms_manager
     00000592  G$devkit_SMS_initSprites$0$0       _sms_manager
     00000592  XG$devkit_SMS_initSprites$0$0      _sms_manager
     00000592  _devkit_SMS_initSprites            _sms_manager
     00000595  A$_sms_manager$1846                _sms_manager
ASxxxx Linker V03.00 + NoICE + sdld,  page 19.
Hexadecimal  [32-Bits]

Area                                    Addr        Size        Decimal Bytes (Attributes)
--------------------------------        ----        ----        ------- ----- ------------
_CODE                               00000200    00002164 =        8548. bytes (REL,CON)

      Value  Global                              Global Defined In Module
      -----  --------------------------------   ------------------------
     00000595  C$_sms_manager.c$294$1_0$240       _sms_manager
     00000595  C$_sms_manager.c$296$1_0$240       _sms_manager
     00000595  G$devkit_SMS_addSprite$0$0         _sms_manager
     00000595  _devkit_SMS_addSprite              _sms_manager
     00000599  A$_sms_manager$1847                _sms_manager
     0000059B  A$_sms_manager$1848                _sms_manager
     0000059E  A$_sms_manager$1849                _sms_manager
     0000059F  A$_sms_manager$1850                _sms_manager
     000005A0  A$_sms_manager$1851                _sms_manager
     000005A3  A$_sms_manager$1852                _sms_manager
     000005A5  A$_sms_manager$1853                _sms_manager
     000005A6  A$_sms_manager$1854                _sms_manager
     000005A7  A$_sms_manager$1855                _sms_manager
     000005AA  A$_sms_manager$1856                _sms_manager
     000005AB  A$_sms_manager$1857                _sms_manager
     000005AC  A$_sms_manager$1858                _sms_manager
     000005AF  A$_sms_manager$1859                _sms_manager
     000005B0  A$_sms_manager$1860                _sms_manager
     000005B1  A$_sms_manager$1868                _sms_manager
     000005B1  C$_sms_manager.c$297$1_0$240       _sms_manager
     000005B1  XG$devkit_SMS_addSprite$0$0        _sms_manager
     000005B2  A$_sms_manager$1881                _sms_manager
     000005B2  C$_sms_manager.c$298$1_0$242       _sms_manager
     000005B2  C$_sms_manager.c$300$1_0$242       _sms_manager
     000005B2  G$devkit_SMS_addTwoAdjoiningSpri   _sms_manager
     000005B2  _devkit_SMS_addTwoAdjoiningSprit   _sms_manager
     000005B6  A$_sms_manager$1882                _sms_manager
     000005B8  A$_sms_manager$1883                _sms_manager
     000005BB  A$_sms_manager$1884                _sms_manager
     000005BC  A$_sms_manager$1885                _sms_manager
     000005BD  A$_sms_manager$1886                _sms_manager
     000005C0  A$_sms_manager$1887                _sms_manager
     000005C2  A$_sms_manager$1888                _sms_manager
     000005C3  A$_sms_manager$1889                _sms_manager
     000005C4  A$_sms_manager$1890                _sms_manager
     000005C7  A$_sms_manager$1891                _sms_manager
     000005C8  A$_sms_manager$1892                _sms_manager
     000005C9  A$_sms_manager$1893                _sms_manager
     000005CC  A$_sms_manager$1894                _sms_manager
     000005CD  A$_sms_manager$1895                _sms_manager
     000005CE  A$_sms_manager$1903                _sms_manager
     000005CE  C$_sms_manager.c$301$1_0$242       _sms_manager
     000005CE  XG$devkit_SMS_addTwoAdjoiningSpr   _sms_manager
     000005CF  A$_sms_manager$1916                _sms_manager
     000005CF  C$_sms_manager.c$302$1_0$244       _sms_manager
     000005CF  C$_sms_manager.c$304$1_0$244       _sms_manager
     000005CF  G$devkit_SMS_addThreeAdjoiningSp   _sms_manager
     000005CF  _devkit_SMS_addThreeAdjoiningSpr   _sms_manager
     000005D3  A$_sms_manager$1917                _sms_manager
     000005D5  A$_sms_manager$1918                _sms_manager
     000005D8  A$_sms_manager$1919                _sms_manager
ASxxxx Linker V03.00 + NoICE + sdld,  page 20.
Hexadecimal  [32-Bits]

Area                                    Addr        Size        Decimal Bytes (Attributes)
--------------------------------        ----        ----        ------- ----- ------------
_CODE                               00000200    00002164 =        8548. bytes (REL,CON)

      Value  Global                              Global Defined In Module
      -----  --------------------------------   ------------------------
     000005D9  A$_sms_manager$1920                _sms_manager
     000005DA  A$_sms_manager$1921                _sms_manager
     000005DD  A$_sms_manager$1922                _sms_manager
     000005DF  A$_sms_manager$1923                _sms_manager
     000005E0  A$_sms_manager$1924                _sms_manager
     000005E1  A$_sms_manager$1925                _sms_manager
     000005E4  A$_sms_manager$1926                _sms_manager
     000005E5  A$_sms_manager$1927                _sms_manager
     000005E6  A$_sms_manager$1928                _sms_manager
     000005E9  A$_sms_manager$1929                _sms_manager
     000005EA  A$_sms_manager$1930                _sms_manager
     000005EB  A$_sms_manager$1938                _sms_manager
     000005EB  C$_sms_manager.c$305$1_0$244       _sms_manager
     000005EB  XG$devkit_SMS_addThreeAdjoiningS   _sms_manager
     000005EC  A$_sms_manager$1958                _sms_manager
     000005EC  C$_sms_manager.c$306$1_0$246       _sms_manager
     000005EC  C$_sms_manager.c$308$1_0$246       _sms_manager
     000005EC  C$_sms_manager.c$309$1_0$246       _sms_manager
     000005EC  G$devkit_SMS_reserveSprite$0$0     _sms_manager
     000005EC  XG$devkit_SMS_reserveSprite$0$0    _sms_manager
     000005EC  _devkit_SMS_reserveSprite          _sms_manager
     000005EF  A$_sms_manager$1971                _sms_manager
     000005EF  C$_sms_manager.c$310$1_0$248       _sms_manager
     000005EF  C$_sms_manager.c$312$1_0$248       _sms_manager
     000005EF  G$devkit_SMS_updateSpritePositio   _sms_manager
     000005EF  _devkit_SMS_updateSpritePosition   _sms_manager
     000005F3  A$_sms_manager$1972                _sms_manager
     000005F5  A$_sms_manager$1973                _sms_manager
     000005F8  A$_sms_manager$1974                _sms_manager
     000005F9  A$_sms_manager$1975                _sms_manager
     000005FA  A$_sms_manager$1976                _sms_manager
     000005FD  A$_sms_manager$1977                _sms_manager
     000005FF  A$_sms_manager$1978                _sms_manager
     00000600  A$_sms_manager$1979                _sms_manager
     00000601  A$_sms_manager$1980                _sms_manager
     00000604  A$_sms_manager$1981                _sms_manager
     00000605  A$_sms_manager$1982                _sms_manager
     00000606  A$_sms_manager$1983                _sms_manager
     00000609  A$_sms_manager$1984                _sms_manager
     0000060A  A$_sms_manager$1985                _sms_manager
     0000060B  A$_sms_manager$1993                _sms_manager
     0000060B  C$_sms_manager.c$313$1_0$248       _sms_manager
     0000060B  XG$devkit_SMS_updateSpritePositi   _sms_manager
     0000060C  A$_sms_manager$2006                _sms_manager
     0000060C  C$_sms_manager.c$314$1_0$250       _sms_manager
     0000060C  C$_sms_manager.c$316$1_0$250       _sms_manager
     0000060C  G$devkit_SMS_updateSpriteImage$0   _sms_manager
     0000060C  _devkit_SMS_updateSpriteImage      _sms_manager
     00000610  A$_sms_manager$2007                _sms_manager
     00000612  A$_sms_manager$2008                _sms_manager
     00000615  A$_sms_manager$2009                _sms_manager
ASxxxx Linker V03.00 + NoICE + sdld,  page 21.
Hexadecimal  [32-Bits]

Area                                    Addr        Size        Decimal Bytes (Attributes)
--------------------------------        ----        ----        ------- ----- ------------
_CODE                               00000200    00002164 =        8548. bytes (REL,CON)

      Value  Global                              Global Defined In Module
      -----  --------------------------------   ------------------------
     00000618  A$_sms_manager$2010                _sms_manager
     00000619  A$_sms_manager$2011                _sms_manager
     0000061C  A$_sms_manager$2012                _sms_manager
     0000061D  A$_sms_manager$2020                _sms_manager
     0000061D  C$_sms_manager.c$317$1_0$250       _sms_manager
     0000061D  XG$devkit_SMS_updateSpriteImage$   _sms_manager
     0000061E  A$_sms_manager$2033                _sms_manager
     0000061E  C$_sms_manager.c$318$1_0$252       _sms_manager
     0000061E  C$_sms_manager.c$320$1_0$252       _sms_manager
     0000061E  G$devkit_SMS_hideSprite$0$0        _sms_manager
     0000061E  _devkit_SMS_hideSprite             _sms_manager
     00000621  A$_sms_manager$2034                _sms_manager
     00000622  A$_sms_manager$2035                _sms_manager
     00000623  A$_sms_manager$2036                _sms_manager
     00000624  A$_sms_manager$2037                _sms_manager
     00000625  A$_sms_manager$2038                _sms_manager
     00000628  A$_sms_manager$2039                _sms_manager
     00000629  A$_sms_manager$2047                _sms_manager
     00000629  C$_sms_manager.c$321$1_0$252       _sms_manager
     00000629  XG$devkit_SMS_hideSprite$0$0       _sms_manager
     0000062A  A$_sms_manager$2060                _sms_manager
     0000062A  C$_sms_manager.c$322$1_0$254       _sms_manager
     0000062A  C$_sms_manager.c$324$1_0$254       _sms_manager
     0000062A  G$devkit_SMS_setClippingWindow$0   _sms_manager
     0000062A  _devkit_SMS_setClippingWindow      _sms_manager
     0000062E  A$_sms_manager$2061                _sms_manager
     00000630  A$_sms_manager$2062                _sms_manager
     00000633  A$_sms_manager$2063                _sms_manager
     00000634  A$_sms_manager$2064                _sms_manager
     00000635  A$_sms_manager$2065                _sms_manager
     00000638  A$_sms_manager$2066                _sms_manager
     0000063A  A$_sms_manager$2067                _sms_manager
     0000063B  A$_sms_manager$2068                _sms_manager
     0000063C  A$_sms_manager$2069                _sms_manager
     0000063F  A$_sms_manager$2070                _sms_manager
     00000641  A$_sms_manager$2071                _sms_manager
     00000642  A$_sms_manager$2072                _sms_manager
     00000643  A$_sms_manager$2073                _sms_manager
     00000646  A$_sms_manager$2074                _sms_manager
     00000647  A$_sms_manager$2075                _sms_manager
     00000648  A$_sms_manager$2076                _sms_manager
     0000064B  A$_sms_manager$2077                _sms_manager
     0000064C  A$_sms_manager$2078                _sms_manager
     0000064D  A$_sms_manager$2086                _sms_manager
     0000064D  C$_sms_manager.c$325$1_0$254       _sms_manager
     0000064D  XG$devkit_SMS_setClippingWindow$   _sms_manager
     0000064E  A$_sms_manager$2099                _sms_manager
     0000064E  C$_sms_manager.c$326$1_0$256       _sms_manager
     0000064E  C$_sms_manager.c$328$1_0$256       _sms_manager
     0000064E  G$devkit_SMS_addSpriteClipping$0   _sms_manager
     0000064E  _devkit_SMS_addSpriteClipping      _sms_manager
ASxxxx Linker V03.00 + NoICE + sdld,  page 22.
Hexadecimal  [32-Bits]

Area                                    Addr        Size        Decimal Bytes (Attributes)
--------------------------------        ----        ----        ------- ----- ------------
_CODE                               00000200    00002164 =        8548. bytes (REL,CON)

      Value  Global                              Global Defined In Module
      -----  --------------------------------   ------------------------
     00000652  A$_sms_manager$2100                _sms_manager
     00000654  A$_sms_manager$2101                _sms_manager
     00000657  A$_sms_manager$2102                _sms_manager
     00000658  A$_sms_manager$2103                _sms_manager
     00000659  A$_sms_manager$2104                _sms_manager
     0000065C  A$_sms_manager$2105                _sms_manager
     0000065F  A$_sms_manager$2106                _sms_manager
     00000661  A$_sms_manager$2107                _sms_manager
     00000663  A$_sms_manager$2108                _sms_manager
     00000664  A$_sms_manager$2109                _sms_manager
     00000667  A$_sms_manager$2110                _sms_manager
     0000066A  A$_sms_manager$2111                _sms_manager
     0000066B  A$_sms_manager$2112                _sms_manager
     0000066E  A$_sms_manager$2113                _sms_manager
     0000066F  A$_sms_manager$2114                _sms_manager
     00000670  A$_sms_manager$2115                _sms_manager
     00000671  A$_sms_manager$2123                _sms_manager
     00000671  C$_sms_manager.c$329$1_0$256       _sms_manager
     00000671  XG$devkit_SMS_addSpriteClipping$   _sms_manager
     00000672  A$_sms_manager$2143                _sms_manager
     00000672  C$_sms_manager.c$330$1_0$257       _sms_manager
     00000672  C$_sms_manager.c$332$1_0$257       _sms_manager
     00000672  C$_sms_manager.c$333$1_0$257       _sms_manager
     00000672  G$devkit_SMS_finalizeSprites$0$0   _sms_manager
     00000672  XG$devkit_SMS_finalizeSprites$0$   _sms_manager
     00000672  _devkit_SMS_finalizeSprites        _sms_manager
     00000675  A$_sms_manager$2163                _sms_manager
     00000675  C$_sms_manager.c$334$1_0$258       _sms_manager
     00000675  C$_sms_manager.c$336$1_0$258       _sms_manager
     00000675  C$_sms_manager.c$337$1_0$258       _sms_manager
     00000675  G$devkit_SMS_copySpritestoSAT$0$   _sms_manager
     00000675  XG$devkit_SMS_copySpritestoSAT$0   _sms_manager
     00000675  _devkit_SMS_copySpritestoSAT       _sms_manager
     00000678  A$_sms_manager$2176                _sms_manager
     00000678  C$_sms_manager.c$347$1_0$260       _sms_manager
     00000678  C$_sms_manager.c$349$1_0$260       _sms_manager
     00000678  G$devkit_SMS_setBGPaletteColor$0   _sms_manager
     00000678  _devkit_SMS_setBGPaletteColor      _sms_manager
     0000067C  A$_sms_manager$2177                _sms_manager
     0000067E  A$_sms_manager$2178                _sms_manager
     00000681  A$_sms_manager$2179                _sms_manager
     00000684  A$_sms_manager$2180                _sms_manager
     00000685  A$_sms_manager$2181                _sms_manager
     00000688  A$_sms_manager$2182                _sms_manager
     00000689  A$_sms_manager$2190                _sms_manager
     00000689  C$_sms_manager.c$350$1_0$260       _sms_manager
     00000689  XG$devkit_SMS_setBGPaletteColor$   _sms_manager
     0000068A  A$_sms_manager$2203                _sms_manager
     0000068A  C$_sms_manager.c$351$1_0$262       _sms_manager
     0000068A  C$_sms_manager.c$353$1_0$262       _sms_manager
     0000068A  G$devkit_SMS_setSpritePaletteCol   _sms_manager
ASxxxx Linker V03.00 + NoICE + sdld,  page 23.
Hexadecimal  [32-Bits]

Area                                    Addr        Size        Decimal Bytes (Attributes)
--------------------------------        ----        ----        ------- ----- ------------
_CODE                               00000200    00002164 =        8548. bytes (REL,CON)

      Value  Global                              Global Defined In Module
      -----  --------------------------------   ------------------------
     0000068A  _devkit_SMS_setSpritePaletteColo   _sms_manager
     0000068E  A$_sms_manager$2204                _sms_manager
     00000690  A$_sms_manager$2205                _sms_manager
     00000693  A$_sms_manager$2206                _sms_manager
     00000696  A$_sms_manager$2207                _sms_manager
     00000697  A$_sms_manager$2208                _sms_manager
     0000069A  A$_sms_manager$2209                _sms_manager
     0000069B  A$_sms_manager$2217                _sms_manager
     0000069B  C$_sms_manager.c$354$1_0$262       _sms_manager
     0000069B  XG$devkit_SMS_setSpritePaletteCo   _sms_manager
     0000069C  A$_sms_manager$2230                _sms_manager
     0000069C  C$_sms_manager.c$355$1_0$264       _sms_manager
     0000069C  C$_sms_manager.c$357$1_0$264       _sms_manager
     0000069C  G$devkit_SMS_loadBGPalette$0$0     _sms_manager
     0000069C  _devkit_SMS_loadBGPalette          _sms_manager
     000006A0  A$_sms_manager$2231                _sms_manager
     000006A2  A$_sms_manager$2232                _sms_manager
     000006A5  A$_sms_manager$2233                _sms_manager
     000006A8  A$_sms_manager$2241                _sms_manager
     000006A8  C$_sms_manager.c$358$1_0$264       _sms_manager
     000006A8  XG$devkit_SMS_loadBGPalette$0$0    _sms_manager
     000006AB  A$_sms_manager$2254                _sms_manager
     000006AB  C$_sms_manager.c$359$1_0$266       _sms_manager
     000006AB  C$_sms_manager.c$361$1_0$266       _sms_manager
     000006AB  G$devkit_SMS_loadSpritePalette$0   _sms_manager
     000006AB  _devkit_SMS_loadSpritePalette      _sms_manager
     000006AF  A$_sms_manager$2255                _sms_manager
     000006B1  A$_sms_manager$2256                _sms_manager
     000006B4  A$_sms_manager$2257                _sms_manager
     000006B7  A$_sms_manager$2265                _sms_manager
[...]
     00000BCB  A$content_manager$77               content_manager
     00000BCC  A$content_manager$78               content_manager
     00000BCD  A$content_manager$79               content_manager
     00000BD0  A$content_manager$80               content_manager
     00000BD1  A$content_manager$88               content_manager
     00000BD1  C$content_manager.c$10$1_0$82      content_manager
     00000BD1  XG$engine_content_manager_load_s   content_manager
     00000BD2  A$content_manager$101              content_manager
     00000BD2  C$content_manager.c$12$1_0$83      content_manager
     00000BD2  C$content_manager.c$14$1_0$83      content_manager
     00000BD2  G$engine_content_manager_load_sp   content_manager
     00000BD2  _engine_content_manager_load_spl   content_manager
     00000BD5  A$content_manager$102              content_manager
     00000BD6  A$content_manager$103              content_manager
ASxxxx Linker V03.00 + NoICE + sdld,  page 46.
Hexadecimal  [32-Bits]

Area                                    Addr        Size        Decimal Bytes (Attributes)
--------------------------------        ----        ----        ------- ----- ------------
_CODE                               00000200    00002164 =        8548. bytes (REL,CON)

      Value  Global                              Global Defined In Module
      -----  --------------------------------   ------------------------
     00000BD9  A$content_manager$104              content_manager
     00000BDA  A$content_manager$105              content_manager
     00000BDD  A$content_manager$106              content_manager
     00000BDE  A$content_manager$110              content_manager
     00000BDE  C$content_manager.c$15$1_0$83      content_manager
     00000BE1  A$content_manager$111              content_manager
     00000BE2  A$content_manager$112              content_manager
     00000BE3  A$content_manager$113              content_manager
     00000BE4  A$content_manager$114              content_manager
     00000BE5  A$content_manager$115              content_manager
     00000BE6  A$content_manager$116              content_manager
     00000BE7  A$content_manager$117              content_manager
     00000BE8  A$content_manager$118              content_manager
     00000BEB  A$content_manager$119              content_manager
     00000BEC  A$content_manager$123              content_manager
     00000BEC  C$content_manager.c$16$1_0$83      content_manager
     00000BEF  A$content_manager$124              content_manager
     00000BF0  A$content_manager$125              content_manager
     00000BF3  A$content_manager$126              content_manager
     00000BF4  A$content_manager$134              content_manager
     00000BF4  C$content_manager.c$17$1_0$83      content_manager
     00000BF4  XG$engine_content_manager_load_s   content_manager
     00000BF5  G$splash__palette__bin$0_0$0       gfx
     00000BF5  _splash__palette__bin              gfx
     00000C05  G$splash__tilemap__stmcompr$0_0$   gfx
     00000C05  _splash__tilemap__stmcompr         gfx
     00000C4D  G$splash__tiles__psgcompr$0_0$0    gfx
     00000C4D  _splash__tiles__psgcompr           gfx
     00001476  _SMS_reserveSprite                 SMSlib_spriteAdv
     00001497  _SMS_updateSpritePosition          SMSlib_spriteAdv
     000014CE  _SMS_updateSpriteImage             SMSlib_spriteAdv
     000014E8  _SMS_hideSprite                    SMSlib_spriteAdv
     000014FA  _UNSAFE_SMS_loadaPLibcompressedT   SMSlib_aPLib
     00001659  _UNSAFE_SMS_copySpritestoSAT       SMSlib_UNSAFE
     000016A0  _UNSAFE_SMS_VRAMmemcpy32           SMSlib_UNSAFE
     000016C0  _UNSAFE_SMS_VRAMmemcpy64           SMSlib_UNSAFE
     000016E0  _UNSAFE_SMS_VRAMmemcpy128          SMSlib_UNSAFE
     00001700  _SMS_init                          SMSlib
     00001732  _VDPReg_init                       SMSlib
     0000173D  _SMS_VDPturnOnFeature              SMSlib
     00001752  _SMS_VDPturnOffFeature             SMSlib
     0000176A  _SMS_setBGScrollX                  SMSlib
     00001774  _SMS_setBGScrollY                  SMSlib
     0000177E  _SMS_setBackdropColor              SMSlib
     00001788  _SMS_useFirstHalfTilesforSprites   SMSlib
     0000179E  _SMS_setSpriteMode                 SMSlib
     000017EC  _SMS_setBGPaletteColor             SMSlib
     00001800  _SMS_setSpritePaletteColor         SMSlib
     00001814  _SMS_loadBGPalette                 SMSlib
     00001829  _SMS_loadSpritePalette             SMSlib
     0000183E  _SMS_setColor                      SMSlib
ASxxxx Linker V03.00 + NoICE + sdld,  page 47.
Hexadecimal  [32-Bits]

Area                                    Addr        Size        Decimal Bytes (Attributes)
--------------------------------        ----        ----        ------- ----- ------------
_CODE                               00000200    00002164 =        8548. bytes (REL,CON)

      Value  Global                              Global Defined In Module
      -----  --------------------------------   ------------------------
     00001842  _SMS_waitForVBlank                 SMSlib
     0000184F  _SMS_getKeysStatus                 SMSlib
     00001853  _SMS_getKeysPressed                SMSlib
     00001870  _SMS_getKeysHeld                   SMSlib
     00001884  _SMS_getKeysReleased               SMSlib
     000018A1  _SMS_queryPauseRequested           SMSlib
     000018A6  _SMS_resetPauseRequest             SMSlib
     000018AC  _SMS_setLineInterruptHandler       SMSlib
     000018B0  _SMS_setLineCounter                SMSlib
     000018BA  _SMS_getVCount                     SMSlib
     000018BE  _SMS_getHCount                     SMSlib
     000018C2  _SMS_isr                           SMSlib
     000018F8  _SMS_nmi_isr                       SMSlib
     00001901  _SMS_loadPSGaidencompressedTiles   SMSlib_PSGaiden
     000019DB  _SMS_load1bppTiles                 SMSlib_load1bppTiles
     00001A4D  _SMS_setClippingWindow             SMSlib_spriteClip
     00001A70  _SMS_addSpriteClipping             SMSlib_spriteClip
     00001B2D  _SMS_VRAMmemset                    SMSlib_VRAMmemset
     00001B50  _SMS_VRAMmemsetW                   SMSlib_VRAMmemset
     00001B7E  _SMS_loadBGPaletteHalfBrightness   SMSlib_paletteAdv
     00001B95  _SMS_zeroBGPalette                 SMSlib_paletteAdv
     00001BA9  _SMS_loadSpritePaletteHalfBright   SMSlib_paletteAdv
     00001BC0  _SMS_zeroSpritePalette             SMSlib_paletteAdv
     00001BD4  _SMS_decompressZX7                 SMSlib_zx7
     00001C32  _SMS_configureTextRenderer         SMSlib_textrenderer
     00001C36  _putchar                           SMSlib_textrenderer
     00001C48  _SMS_addThreeAdjoiningSprites      SMSlib_threesprites
     00001CA1  _SMS_initSprites                   SMSlib_sprite
     00001CA7  _SMS_addSprite                     SMSlib_sprite
     00001CDA  _SMS_copySpritestoSAT              SMSlib_sprite
     00001D10  _SMS_addTwoAdjoiningSprites        SMSlib_twosprites
     00001D4F  _SMS_detectPaddle                  SMSlib_paddle
     00001D75  _SMS_readPaddle                    SMSlib_paddle
     00001DD3  _SMS_VRAMmemcpy_brief              SMSlib_VRAMmemcpy_brief
     00001DE4  _UNSAFE_SMS_loadZX7compressedTil   SMSlib_UNSAFE_zx7
     00001E64  ___sdcc_call_hl                    
     00001E65  _SMS_finalizeSprites               SMSlib_deprecated
     00001E66  _SMS_VRAMmemcpy                    SMSlib_VRAMmemcpy
     00001E7F  _SMS_loadSTMcompressedTileMapatA   SMSlib_STMcomp
     00001FA7  _SMS_loadTileMapArea               SMSlib_loadTileMapArea
     00002027  _SMS_autoSetUpTextRenderer         SMSlib_autotext
     00002064  _devkitSMS_font__tiles__1bpp       SMSlib_autotext

ASxxxx Linker V03.00 + NoICE + sdld,  page 48.
Hexadecimal  [32-Bits]

Area                                    Addr        Size        Decimal Bytes (Attributes)
--------------------------------        ----        ----        ------- ----- ------------
_HEADER0                            00000000    00000008 =           8. bytes (ABS,CON)

      Value  Global                              Global Defined In Module
      -----  --------------------------------   ------------------------
ASxxxx Linker V03.00 + NoICE + sdld,  page 49.
Hexadecimal  [32-Bits]

Area                                    Addr        Size        Decimal Bytes (Attributes)
--------------------------------        ----        ----        ------- ----- ------------
_HEADER1                            00000000    00000009 =           9. bytes (ABS,CON)

      Value  Global                              Global Defined In Module
      -----  --------------------------------   ------------------------
     00000008  _SMS_crt0_RST08                    crt0

ASxxxx Linker V03.00 + NoICE + sdld,  page 50.
Hexadecimal  [32-Bits]

Area                                    Addr        Size        Decimal Bytes (Attributes)
--------------------------------        ----        ----        ------- ----- ------------
_HEADER2                            00000000    00000018 =          24. bytes (ABS,CON)

      Value  Global                              Global Defined In Module
      -----  --------------------------------   ------------------------
     00000018  _SMS_crt0_RST18                    crt0

ASxxxx Linker V03.00 + NoICE + sdld,  page 51.
Hexadecimal  [32-Bits]

Area                                    Addr        Size        Decimal Bytes (Attributes)
--------------------------------        ----        ----        ------- ----- ------------
_HEADER3                            00000000    0000002B =          43. bytes (ABS,CON)

      Value  Global                              Global Defined In Module
      -----  --------------------------------   ------------------------
ASxxxx Linker V03.00 + NoICE + sdld,  page 52.
Hexadecimal  [32-Bits]

Area                                    Addr        Size        Decimal Bytes (Attributes)
--------------------------------        ----        ----        ------- ----- ------------
_HEADER4                            00000000    00000104 =         260. bytes (ABS,CON)

      Value  Global                              Global Defined In Module
      -----  --------------------------------   ------------------------
     00000069  _OUTI128                           crt0
     000000E9  _OUTI64                            crt0
     00000129  _OUTI32                            crt0
     00000169  _outi_block                        crt0

ASxxxx Linker V03.00 + NoICE + sdld,  page 53.
Hexadecimal  [32-Bits]

Area                                    Addr        Size        Decimal Bytes (Attributes)
--------------------------------        ----        ----        ------- ----- ------------
_INITIALIZER                        00002364    00000007 =           7. bytes (REL,CON)

      Value  Global                              Global Defined In Module
      -----  --------------------------------   ------------------------
ASxxxx Linker V03.00 + NoICE + sdld,  page 54.
Hexadecimal  [32-Bits]

Area                                    Addr        Size        Decimal Bytes (Attributes)
--------------------------------        ----        ----        ------- ----- ------------
_GSINIT                             0000236B    0000000F =          15. bytes (REL,CON)

      Value  Global                              Global Defined In Module
      -----  --------------------------------   ------------------------
     0000236B  gsinit                             crt0

ASxxxx Linker V03.00 + NoICE + sdld,  page 55.
Hexadecimal  [32-Bits]

Area                                    Addr        Size        Decimal Bytes (Attributes)
--------------------------------        ----        ----        ------- ----- ------------
_GSFINAL                            0000237A    00000001 =           1. bytes (REL,CON)

      Value  Global                              Global Defined In Module
      -----  --------------------------------   ------------------------
ASxxxx Linker V03.00 + NoICE + sdld,  page 56.
Hexadecimal  [32-Bits]

Area                                    Addr        Size        Decimal Bytes (Attributes)
--------------------------------        ----        ----        ------- ----- ------------
_DATA                               0000C000    000000F8 =         248. bytes (REL,CON)

      Value  Global                              Global Defined In Module
      -----  --------------------------------   ------------------------
     0000C000  _VDPBlank                          SMSlib
     0000C001  _SMS_VDPFlags                      SMSlib
     0000C002  _PauseRequested                    SMSlib
     0000C003  _SMS_Port3EBIOSvalue               SMSlib
     0000C004  _KeysStatus                        SMSlib
     0000C006  _PreviousKeysStatus                SMSlib
     0000C008  _SMS_theLineInterruptHandler       SMSlib
     0000C00A  _decompBuffer                      SMSlib_PSGaiden
     0000C02A  _clipWin_x0                        SMSlib_spriteClip
     0000C02B  _clipWin_y0                        SMSlib_spriteClip
     0000C02C  _SMS_TextRenderer_offset           SMSlib_textrenderer
     0000C02E  _SpriteTableY                      SMSlib_sprite
     0000C06E  _SpriteTableXN                     SMSlib_sprite
     0000C0EE  _SpriteNextFree                    SMSlib_sprite
     0000C0EF  _STM_src                           SMSlib_STMcomp
     0000C0F1  _STM_dest                          SMSlib_STMcomp
     0000C0F3  _STM_HH                            SMSlib_STMcomp
     0000C0F4  _STM_oldHH                         SMSlib_STMcomp
     0000C0F5  _STM_needRestore                   SMSlib_STMcomp
     0000C0F6  _STM_ttw                           SMSlib_STMcomp
     0000C0F7  _STM_width                         SMSlib_STMcomp
ASxxxx Linker V03.00 + NoICE + sdld,  page 57.
Hexadecimal  [32-Bits]

Area                                    Addr        Size        Decimal Bytes (Attributes)
--------------------------------        ----        ----        ------- ----- ------------
_INITIALIZED                        0000C0F8    00000007 =           7. bytes (REL,CON)

      Value  Global                              Global Defined In Module
      -----  --------------------------------   ------------------------
     0000C0F8  _VDPReg                            SMSlib
     0000C0FA  _spritesHeight                     SMSlib
     0000C0FB  _spritesWidth                      SMSlib
     0000C0FC  _spritesTileOffset                 SMSlib
     0000C0FD  _clipWin_x1                        SMSlib_spriteClip
     0000C0FE  _clipWin_y1                        SMSlib_spriteClip
ASxxxx Linker V03.00 + NoICE + sdld,  page 58.
Hexadecimal  [32-Bits]

Area                                    Addr        Size        Decimal Bytes (Attributes)
--------------------------------        ----        ----        ------- ----- ------------
_CABS0                              00000000    00000010 =          16. bytes (ABS,CON)

      Value  Global                              Global Defined In Module
      -----  --------------------------------   ------------------------
     00007FF0  G$__SMS__SEGA_signature$0_0$0      _sms_manager
     00007FF0  ___SMS__SEGA_signature             _sms_manager

ASxxxx Linker V03.00 + NoICE + sdld,  page 59.
Hexadecimal  [32-Bits]

Area                                    Addr        Size        Decimal Bytes (Attributes)
--------------------------------        ----        ----        ------- ----- ------------
_CABS1                              00000000    0000000E =          14. bytes (ABS,CON)

      Value  Global                              Global Defined In Module
      -----  --------------------------------   ------------------------
     00007FD2  G$__SMS__SDSC_author$0_0$0         _sms_manager
     00007FD2  ___SMS__SDSC_author                _sms_manager

ASxxxx Linker V03.00 + NoICE + sdld,  page 60.
Hexadecimal  [32-Bits]

Area                                    Addr        Size        Decimal Bytes (Attributes)
--------------------------------        ----        ----        ------- ----- ------------
_CABS2                              00000000    00000012 =          18. bytes (ABS,CON)

      Value  Global                              Global Defined In Module
      -----  --------------------------------   ------------------------
     00007FC0  G$__SMS__SDSC_name$0_0$0           _sms_manager
     00007FC0  ___SMS__SDSC_name                  _sms_manager

ASxxxx Linker V03.00 + NoICE + sdld,  page 61.
Hexadecimal  [32-Bits]

Area                                    Addr        Size        Decimal Bytes (Attributes)
--------------------------------        ----        ----        ------- ----- ------------
_CABS3                              00000000    00000038 =          56. bytes (ABS,CON)

      Value  Global                              Global Defined In Module
      -----  --------------------------------   ------------------------
     00007F88  G$__SMS__SDSC_descr$0_0$0          _sms_manager
     00007F88  ___SMS__SDSC_descr                 _sms_manager

ASxxxx Linker V03.00 + NoICE + sdld,  page 62.
Hexadecimal  [32-Bits]

Area                                    Addr        Size        Decimal Bytes (Attributes)
--------------------------------        ----        ----        ------- ----- ------------
_CABS4                              00000000    00000010 =          16. bytes (ABS,CON)

      Value  Global                              Global Defined In Module
      -----  --------------------------------   ------------------------
     00007FE0  G$__SMS__SDSC_signature$0_0$0      _sms_manager
     00007FE0  ___SMS__SDSC_signature             _sms_manager

ASxxxx Linker V03.00 + NoICE + sdld,  page 63.

Files Linked                              [ module(s) ]

../crt0/crt0_sms.rel                      [ crt0 ]
main.rel                                  [ main ]
devkit/_sms_manager.rel                   [ _sms_manager ]
engine/asm_manager.rel                    [ asm_manager ]
engine/content_manager.rel                [ content_manager ]
content/gfx.rel                           [ gfx ]


Libraries Linked                          [ object file ]

../lib/SMSlib.lib                         [ SMSlib_spriteAdv.rel ]
../lib/SMSlib.lib                         [ SMSlib_aPLib.rel ]
../lib/SMSlib.lib                         [ SMSlib_UNSAFE.rel ]
../lib/SMSlib.lib                         [ SMSlib.rel ]
../lib/SMSlib.lib                         [ SMSlib_PSGaiden.rel ]
../lib/SMSlib.lib                         [ SMSlib_load1bppTiles.rel ]
../lib/SMSlib.lib                         [ SMSlib_spriteClip.rel ]
../lib/SMSlib.lib                         [ SMSlib_VRAMmemset.rel ]
../lib/SMSlib.lib                         [ SMSlib_paletteAdv.rel ]
../lib/SMSlib.lib                         [ SMSlib_zx7.rel ]
../lib/SMSlib.lib                         [ SMSlib_textrenderer.rel ]
../lib/SMSlib.lib                         [ SMSlib_threesprites.rel ]
../lib/SMSlib.lib                         [ SMSlib_sprite.rel ]
../lib/SMSlib.lib                         [ SMSlib_twosprites.rel ]
../lib/SMSlib.lib                         [ SMSlib_paddle.rel ]
../lib/SMSlib.lib                         [ SMSlib_VRAMmemcpy_brief.rel ]
../lib/SMSlib.lib                         [ SMSlib_UNSAFE_zx7.rel ]
C:\Program Files\SDCC\bin\..\lib\z80/z80.lib
                                          [ __sdcc_call_hl.rel ]
../lib/SMSlib.lib                         [ SMSlib_deprecated.rel ]
../lib/SMSlib.lib                         [ SMSlib_VRAMmemcpy.rel ]
../lib/SMSlib.lib                         [ SMSlib_STMcomp.rel ]
../lib/SMSlib.lib                         [ SMSlib_loadTileMapArea.rel ]
../lib/SMSlib.lib                         [ SMSlib_autotext.rel ]

ASxxxx Linker V03.00 + NoICE + sdld,  page 64.

User Base Address Definitions

_CODE = 0x0200
_DATA = 0xc000

